2026-09-24T08:53:25.287087Z  INFO tailwindcss_oxide::scanner: Provided sources:
2026-09-24T08:53:25.287250Z  INFO tailwindcss_oxide::scanner: Source: PublicSourceEntry { base: "C:/Users/Pezhman/Desktop/pharmacy", pattern: "**/*", negated: false }
2026-09-24T08:53:25.288743Z  INFO tailwindcss_oxide::scanner: Optimized sources:
2026-09-24T08:53:25.288787Z  INFO tailwindcss_oxide::scanner: Source: Auto { base: "C:\\Users\\Pezhman\\Desktop\\pharmacy" }
2026-09-24T08:53:25.291395Z  INFO discover_sources: tailwindcss_oxide::scanner: enter
2026-09-24T08:53:25.291445Z  INFO discover_sources:walk_synchronous: tailwindcss_oxide::scanner: enter
2026-09-24T08:53:25.310279Z  INFO discover_sources:walk_synchronous: tailwindcss_oxide::scanner: exit
2026-09-24T08:53:25.312074Z  INFO tailwindcss_oxide::scanner: Reading "C:\\Users\\Pezhman\\Desktop\\pharmacy\\src\\components\\pharmacy\\staff.tsx"
2026-09-24T08:53:25.312088Z  INFO tailwindcss_oxide::scanner: Reading "C:\\Users\\Pezhman\\Desktop\\pharmacy\\scripts\\browser-smoke-verdict.mjs"
2026-09-24T08:53:25.312122Z  INFO tailwindcss_oxide::scanner: Reading "C:\\Users\\Pezhman\\Desktop\\pharmacy\\scripts\\preview.mjs"
2026-09-24T08:53:25.312203Z  INFO tailwindcss_oxide::scanner: Reading "C:\\Users\\Pezhman\\Desktop\\pharmacy\\.grok\\app-env.json"
2026-09-24T08:53:25.313164Z  INFO tailwindcss_oxide::scanner: Reading "C:\\Users\\Pezhman\\Desktop\\pharmacy\\scripts\\browser-smoke-verdict.test.mjs"
2026-09-24T08:53:25.313172Z  INFO tailwindcss_oxide::scanner: Reading "C:\\Users\\Pezhman\\Desktop\\pharmacy\\src\\components\\pharmacy\\tracking.tsx"
2026-09-24T08:53:25.313174Z  INFO tailwindcss_oxide::scanner: Reading "C:\\Users\\Pezhman\\Desktop\\pharmacy\\scripts\\preview.test.mjs"
2026-09-24T08:53:25.313189Z  INFO tailwindcss_oxide::scanner: Reading "C:\\Users\\Pezhman\\Desktop\\pharmacy\\.grok\\references\\browser-qa.md"
2026-09-24T08:53:25.314297Z  INFO tailwindcss_oxide::scanner: Reading "C:\\Users\\Pezhman\\Desktop\\pharmacy\\src\\components\\preview-host-bridge.tsx"
2026-09-24T08:53:25.314297Z  INFO tailwindcss_oxide::scanner: Reading "C:\\Users\\Pezhman\\Desktop\\pharmacy\\.grok\\references\\data-and-auth.md"
2026-09-24T08:53:25.314300Z  INFO tailwindcss_oxide::scanner: Reading "C:\\Users\\Pezhman\\Desktop\\pharmacy\\scripts\\browser-smoke.mjs"
2026-09-24T08:53:25.314300Z  INFO tailwindcss_oxide::scanner: Reading "C:\\Users\\Pezhman\\Desktop\\pharmacy\\scripts\\sign-out-plan.mjs"
2026-09-24T08:53:25.315436Z  INFO tailwindcss_oxide::scanner: Reading "C:\\Users\\Pezhman\\Desktop\\pharmacy\\.grok\\references\\deploy-target.md"
2026-09-24T08:53:25.315444Z  INFO tailwindcss_oxide::scanner: Reading "C:\\Users\\Pezhman\\Desktop\\pharmacy\\src\\components\\ui\\button.tsx"
2026-09-24T08:53:25.315442Z  INFO tailwindcss_oxide::scanner: Reading "C:\\Users\\Pezhman\\Desktop\\pharmacy\\scripts\\check-auth-invariant.mjs"
2026-09-24T08:53:25.315442Z  INFO tailwindcss_oxide::scanner: Reading "C:\\Users\\Pezhman\\Desktop\\pharmacy\\scripts\\sign-out-plan.test.mjs"
2026-09-24T08:53:25.316521Z  INFO tailwindcss_oxide::scanner: Reading "C:\\Users\\Pezhman\\Desktop\\pharmacy\\src\\components\\ui\\card.tsx"
2026-09-24T08:53:25.316575Z  INFO tailwindcss_oxide::scanner: Reading "C:\\Users\\Pezhman\\Desktop\\pharmacy\\scripts\\check-auth-invariant.test.mjs"
2026-09-24T08:53:25.316580Z  INFO tailwindcss_oxide::scanner: Reading "C:\\Users\\Pezhman\\Desktop\\pharmacy\\.grok\\references\\generated-art.md"
2026-09-24T08:53:25.316580Z  INFO tailwindcss_oxide::scanner: Reading "C:\\Users\\Pezhman\\Desktop\\pharmacy\\scripts\\with-app-env.mjs"
2026-09-24T08:53:25.317574Z  INFO tailwindcss_oxide::scanner: Reading "C:\\Users\\Pezhman\\Desktop\\pharmacy\\scripts\\with-app-env.test.mjs"
2026-09-24T08:53:25.317582Z  INFO tailwindcss_oxide::scanner: Reading "C:\\Users\\Pezhman\\Desktop\\pharmacy\\src\\components\\ui\\input.tsx"
2026-09-24T08:53:25.317598Z  INFO tailwindcss_oxide::scanner: Reading "C:\\Users\\Pezhman\\Desktop\\pharmacy\\scripts\\grok-pwa-plugin.mjs"
2026-09-24T08:53:25.317687Z  INFO tailwindcss_oxide::scanner: Reading "C:\\Users\\Pezhman\\Desktop\\pharmacy\\.grok\\references\\hibernate-revive.md"
2026-09-24T08:53:25.318665Z  INFO tailwindcss_oxide::scanner: Reading "C:\\Users\\Pezhman\\Desktop\\pharmacy\\scripts\\grok-pwa-plugin.test.mjs"
2026-09-24T08:53:25.318665Z  INFO tailwindcss_oxide::scanner: Reading "C:\\Users\\Pezhman\\Desktop\\pharmacy\\scripts\\write-atomic.mjs"
2026-09-24T08:53:25.318707Z  INFO tailwindcss_oxide::scanner: Reading "C:\\Users\\Pezhman\\Desktop\\pharmacy\\src\\lib\\app-data\\app-data.test.ts"
2026-09-24T08:53:25.318761Z  INFO tailwindcss_oxide::scanner: Reading "C:\\Users\\Pezhman\\Desktop\\pharmacy\\.grok\\references\\scaffold.md"
2026-09-24T08:53:25.319771Z  INFO tailwindcss_oxide::scanner: Reading "C:\\Users\\Pezhman\\Desktop\\pharmacy\\scripts\\write-atomic.test.mjs"
2026-09-24T08:53:25.319771Z  INFO tailwindcss_oxide::scanner: Reading "C:\\Users\\Pezhman\\Desktop\\pharmacy\\scripts\\grok-pwa-shared.d.mts"
2026-09-24T08:53:25.319773Z  INFO tailwindcss_oxide::scanner: Reading "C:\\Users\\Pezhman\\Desktop\\pharmacy\\src\\lib\\app-data\\client.server.ts"
2026-09-24T08:53:25.319777Z  INFO tailwindcss_oxide::scanner: Reading "C:\\Users\\Pezhman\\Desktop\\pharmacy\\.grok\\status"
2026-09-24T08:53:25.320881Z  INFO tailwindcss_oxide::scanner: Reading "C:\\Users\\Pezhman\\Desktop\\pharmacy\\.prettierrc"
2026-09-24T08:53:25.320881Z  INFO tailwindcss_oxide::scanner: Reading "C:\\Users\\Pezhman\\Desktop\\pharmacy\\scripts\\grok-pwa-shared.mjs"
2026-09-24T08:53:25.320881Z  INFO tailwindcss_oxide::scanner: Reading "C:\\Users\\Pezhman\\Desktop\\pharmacy\\src\\lib\\app-data\\errors.ts"
2026-09-24T08:53:25.320881Z  INFO tailwindcss_oxide::scanner: Reading "C:\\Users\\Pezhman\\Desktop\\pharmacy\\server\\middleware\\grok-pwa.ts"
2026-09-24T08:53:25.321909Z  INFO tailwindcss_oxide::scanner: Reading "C:\\Users\\Pezhman\\Desktop\\pharmacy\\AGENTS.md"
2026-09-24T08:53:25.321948Z  INFO tailwindcss_oxide::scanner: Reading "C:\\Users\\Pezhman\\Desktop\\pharmacy\\server\\virtual-grok-og-identity.d.ts"
2026-09-24T08:53:25.321948Z  INFO tailwindcss_oxide::scanner: Reading "C:\\Users\\Pezhman\\Desktop\\pharmacy\\src\\lib\\app-data\\index.ts"
2026-09-24T08:53:25.321948Z  INFO tailwindcss_oxide::scanner: Reading "C:\\Users\\Pezhman\\Desktop\\pharmacy\\scripts\\install-page.html"
2026-09-24T08:53:25.322116Z  INFO tailwindcss_oxide::scanner: Reading "C:\\Users\\Pezhman\\Desktop\\pharmacy\\build-error.txt"
2026-09-24T08:53:25.322945Z  INFO tailwindcss_oxide::scanner: Reading "C:\\Users\\Pezhman\\Desktop\\pharmacy\\src\\lib\\app-data\\login.ts"
2026-09-24T08:53:25.322969Z  INFO tailwindcss_oxide::scanner: Reading "C:\\Users\\Pezhman\\Desktop\\pharmacy\\src\\components\\pharmacy\\background-layer.tsx"
2026-09-24T08:53:25.323021Z  INFO tailwindcss_oxide::scanner: Reading "C:\\Users\\Pezhman\\Desktop\\pharmacy\\scripts\\migrate.mjs"
2026-09-24T08:53:25.323024Z  INFO tailwindcss_oxide::scanner: Reading "C:\\Users\\Pezhman\\Desktop\\pharmacy\\eslint.config.mjs"
2026-09-24T08:53:25.323995Z  INFO tailwindcss_oxide::scanner: Reading "C:\\Users\\Pezhman\\Desktop\\pharmacy\\src\\lib\\app-data\\readiness-schedule.test.ts"
2026-09-24T08:53:25.324000Z  INFO tailwindcss_oxide::scanner: Reading "C:\\Users\\Pezhman\\Desktop\\pharmacy\\src\\components\\pharmacy\\home.tsx"
2026-09-24T08:53:25.324037Z  INFO tailwindcss_oxide::scanner: Reading "C:\\Users\\Pezhman\\Desktop\\pharmacy\\migrations\\auth\\0001_auth.sql"
2026-09-24T08:53:25.324067Z  INFO tailwindcss_oxide::scanner: Reading "C:\\Users\\Pezhman\\Desktop\\pharmacy\\scripts\\migration-plan.mjs"
2026-09-24T08:53:25.325004Z  INFO tailwindcss_oxide::scanner: Reading "C:\\Users\\Pezhman\\Desktop\\pharmacy\\src\\lib\\app-data\\readiness-schedule.ts"
2026-09-24T08:53:25.325090Z  INFO tailwindcss_oxide::scanner: Reading "C:\\Users\\Pezhman\\Desktop\\pharmacy\\src\\components\\pharmacy\\photo-picker.tsx"
2026-09-24T08:53:25.325099Z  INFO tailwindcss_oxide::scanner: Reading "C:\\Users\\Pezhman\\Desktop\\pharmacy\\scripts\\migration-plan.test.mjs"
2026-09-24T08:53:25.326039Z  INFO tailwindcss_oxide::scanner: Reading "C:\\Users\\Pezhman\\Desktop\\pharmacy\\src\\lib\\app-data\\readiness.ts"
2026-09-24T08:53:25.326097Z  INFO tailwindcss_oxide::scanner: Reading "C:\\Users\\Pezhman\\Desktop\\pharmacy\\scripts\\preview-thumbnail.mjs"
2026-09-24T08:53:25.326341Z  INFO tailwindcss_oxide::scanner: Reading "C:\\Users\\Pezhman\\Desktop\\pharmacy\\src\\components\\pharmacy\\request-form.tsx"
2026-09-24T08:53:25.326525Z  INFO tailwindcss_oxide::scanner: Reading "C:\\Users\\Pezhman\\Desktop\\pharmacy\\package.json"
2026-09-24T08:53:25.326765Z  INFO tailwindcss_oxide::scanner: Reading "C:\\Users\\Pezhman\\Desktop\\pharmacy\\netlify-error.txt"
2026-09-24T08:53:25.326883Z  INFO tailwindcss_oxide::scanner: Reading "C:\\Users\\Pezhman\\Desktop\\pharmacy\\screenshots\\.gitkeep"
2026-09-24T08:53:25.327302Z  INFO tailwindcss_oxide::scanner: Reading "C:\\Users\\Pezhman\\Desktop\\pharmacy\\src\\components\\pharmacy\\shell.tsx"
2026-09-24T08:53:25.327405Z  INFO tailwindcss_oxide::scanner: Reading "C:\\Users\\Pezhman\\Desktop\\pharmacy\\src\\lib\\app-data\\server-only.ts"
2026-09-24T08:53:25.327673Z  INFO tailwindcss_oxide::scanner: Reading "C:\\Users\\Pezhman\\Desktop\\pharmacy\\public\\favicon.svg"
2026-09-24T08:53:25.327742Z  INFO tailwindcss_oxide::scanner: Reading "C:\\Users\\Pezhman\\Desktop\\pharmacy\\screenshots\\app-builder-built.json"
2026-09-24T08:53:25.327809Z  INFO tailwindcss_oxide::scanner: Reading "C:\\Users\\Pezhman\\Desktop\\pharmacy\\public\\sw.js"
2026-09-24T08:53:25.328183Z  INFO tailwindcss_oxide::scanner: Reading "C:\\Users\\Pezhman\\Desktop\\pharmacy\\public\\__grok\\install\\assets\\homescreen\\glass-puzzle.svg"
2026-09-24T08:53:25.328501Z  INFO tailwindcss_oxide::scanner: Reading "C:\\Users\\Pezhman\\Desktop\\pharmacy\\src\\lib\\app-data\\types.ts"
2026-09-24T08:53:25.328583Z  INFO tailwindcss_oxide::scanner: Reading "C:\\Users\\Pezhman\\Desktop\\pharmacy\\screenshots\\app-builder-preview.json"
2026-09-24T08:53:25.328884Z  INFO tailwindcss_oxide::scanner: Reading "C:\\Users\\Pezhman\\Desktop\\pharmacy\\scripts\\app-env-plugin.mjs"
2026-09-24T08:53:25.328995Z  INFO tailwindcss_oxide::scanner: Reading "C:\\Users\\Pezhman\\Desktop\\pharmacy\\public\\__grok\\install\\assets\\homescreen\\glass-share.svg"
2026-09-24T08:53:25.329493Z  INFO tailwindcss_oxide::scanner: Reading "C:\\Users\\Pezhman\\Desktop\\pharmacy\\scripts\\brand-check.test.mjs"
2026-09-24T08:53:25.329583Z  INFO tailwindcss_oxide::scanner: Reading "C:\\Users\\Pezhman\\Desktop\\pharmacy\\src\\lib\\app-data\\use-connector-readiness.ts"
2026-09-24T08:53:25.329921Z  INFO tailwindcss_oxide::scanner: Reading "C:\\Users\\Pezhman\\Desktop\\pharmacy\\public\\__grok\\install\\assets\\homescreen\\logo-grok.svg"
2026-09-24T08:53:25.329992Z  INFO tailwindcss_oxide::scanner: Reading "C:\\Users\\Pezhman\\Desktop\\pharmacy\\scripts\\brand-check.mjs"
2026-09-24T08:53:25.330360Z  INFO tailwindcss_oxide::scanner: Reading "C:\\Users\\Pezhman\\Desktop\\pharmacy\\scripts\\browser-guard.mjs"
2026-09-24T08:53:25.330595Z  INFO tailwindcss_oxide::scanner: Reading "C:\\Users\\Pezhman\\Desktop\\pharmacy\\src\\lib\\auth\\client.ts"
2026-09-24T08:53:25.330746Z  INFO tailwindcss_oxide::scanner: Reading "C:\\Users\\Pezhman\\Desktop\\pharmacy\\public\\__grok\\install\\assets\\homescreen\\plus.svg"
2026-09-24T08:53:25.331065Z  INFO tailwindcss_oxide::scanner: Reading "C:\\Users\\Pezhman\\Desktop\\pharmacy\\src\\lib\\auth\\provider.tsx"
2026-09-24T08:53:25.331223Z  INFO tailwindcss_oxide::scanner: Reading "C:\\Users\\Pezhman\\Desktop\\pharmacy\\src\\lib\\pharmacy\\photos.ts"
2026-09-24T08:53:25.331550Z  INFO tailwindcss_oxide::scanner: Reading "C:\\Users\\Pezhman\\Desktop\\pharmacy\\src\\router.tsx"
2026-09-24T08:53:25.331635Z  INFO tailwindcss_oxide::scanner: Reading "C:\\Users\\Pezhman\\Desktop\\pharmacy\\src\\lib\\auth\\email-password.ts"
2026-09-24T08:53:25.332159Z  INFO tailwindcss_oxide::scanner: Reading "C:\\Users\\Pezhman\\Desktop\\pharmacy\\src\\lib\\auth\\providers.ts"
2026-09-24T08:53:25.332160Z  INFO tailwindcss_oxide::scanner: Reading "C:\\Users\\Pezhman\\Desktop\\pharmacy\\src\\lib\\pharmacy\\store.ts"
2026-09-24T08:53:25.332393Z  INFO tailwindcss_oxide::scanner: Reading "C:\\Users\\Pezhman\\Desktop\\pharmacy\\src\\routes\\index.tsx"
2026-09-24T08:53:25.332697Z  INFO tailwindcss_oxide::scanner: Reading "C:\\Users\\Pezhman\\Desktop\\pharmacy\\src\\lib\\auth\\gate-identity.server.ts"
2026-09-24T08:53:25.333094Z  INFO tailwindcss_oxide::scanner: Reading "C:\\Users\\Pezhman\\Desktop\\pharmacy\\src\\lib\\pharmacy\\types.ts"
2026-09-24T08:53:25.333158Z  INFO tailwindcss_oxide::scanner: Reading "C:\\Users\\Pezhman\\Desktop\\pharmacy\\src\\lib\\auth\\server.ts"
2026-09-24T08:53:25.333216Z  INFO tailwindcss_oxide::scanner: Reading "C:\\Users\\Pezhman\\Desktop\\pharmacy\\src\\routes\\staff.tsx"
2026-09-24T08:53:25.333753Z  INFO tailwindcss_oxide::scanner: Reading "C:\\Users\\Pezhman\\Desktop\\pharmacy\\src\\lib\\auth\\gate-identity.test.ts"
2026-09-24T08:53:25.334009Z  INFO tailwindcss_oxide::scanner: Reading "C:\\Users\\Pezhman\\Desktop\\pharmacy\\src\\lib\\pharmacy\\validate.ts"
2026-09-24T08:53:25.334088Z  INFO tailwindcss_oxide::scanner: Reading "C:\\Users\\Pezhman\\Desktop\\pharmacy\\src\\routes\\__root.tsx"
2026-09-24T08:53:25.334239Z  INFO tailwindcss_oxide::scanner: Reading "C:\\Users\\Pezhman\\Desktop\\pharmacy\\src\\lib\\auth\\sign-in-gate.test.ts"
2026-09-24T08:53:25.334813Z  INFO tailwindcss_oxide::scanner: Reading "C:\\Users\\Pezhman\\Desktop\\pharmacy\\src\\lib\\auth\\gate-session-marker.ts"
2026-09-24T08:53:25.334868Z  INFO tailwindcss_oxide::scanner: Reading "C:\\Users\\Pezhman\\Desktop\\pharmacy\\src\\lib\\preview-embedder-origin.ts"
2026-09-24T08:53:25.334980Z  INFO tailwindcss_oxide::scanner: Reading "C:\\Users\\Pezhman\\Desktop\\pharmacy\\src\\routeTree.gen.ts"
2026-09-24T08:53:25.335427Z  INFO tailwindcss_oxide::scanner: Reading "C:\\Users\\Pezhman\\Desktop\\pharmacy\\src\\lib\\auth\\sign-in-gate.ts"
2026-09-24T08:53:25.335825Z  INFO tailwindcss_oxide::scanner: Reading "C:\\Users\\Pezhman\\Desktop\\pharmacy\\src\\lib\\auth\\gate-session.server.ts"
2026-09-24T08:53:25.335835Z  INFO tailwindcss_oxide::scanner: Reading "C:\\Users\\Pezhman\\Desktop\\pharmacy\\startup.sh"
2026-09-24T08:53:25.335844Z  INFO tailwindcss_oxide::scanner: Reading "C:\\Users\\Pezhman\\Desktop\\pharmacy\\src\\lib\\preview-host-bridge.ts"
2026-09-24T08:53:25.336489Z  INFO tailwindcss_oxide::scanner: Reading "C:\\Users\\Pezhman\\Desktop\\pharmacy\\src\\lib\\auth\\use-current-user.ts"
2026-09-24T08:53:25.336808Z  INFO tailwindcss_oxide::scanner: Reading "C:\\Users\\Pezhman\\Desktop\\pharmacy\\tsconfig.json"
2026-09-24T08:53:25.336801Z  INFO tailwindcss_oxide::scanner: Reading "C:\\Users\\Pezhman\\Desktop\\pharmacy\\src\\lib\\utils.ts"
2026-09-24T08:53:25.336863Z  INFO tailwindcss_oxide::scanner: Reading "C:\\Users\\Pezhman\\Desktop\\pharmacy\\src\\lib\\auth\\gates.tsx"
2026-09-24T08:53:25.336964Z  INFO tailwindcss_oxide::scanner: Reading "C:\\Users\\Pezhman\\Desktop\\pharmacy\\vite.config.ts"
2026-09-24T08:53:25.337492Z  INFO tailwindcss_oxide::scanner: Reading "C:\\Users\\Pezhman\\Desktop\\pharmacy\\src\\lib\\auth\\verify.server.ts"
2026-09-24T08:53:25.337704Z  INFO tailwindcss_oxide::scanner: Reading "C:\\Users\\Pezhman\\Desktop\\pharmacy\\src\\lib\\auth\\middleware.ts"
2026-09-24T08:53:25.337809Z  INFO tailwindcss_oxide::scanner: Reading "C:\\Users\\Pezhman\\Desktop\\pharmacy\\src\\lib\\auth\\popup.server.ts"
2026-09-24T08:53:25.338014Z  INFO tailwindcss_oxide::scanner: Reading "C:\\Users\\Pezhman\\Desktop\\pharmacy\\src\\lib\\auth\\isolation.server.ts"
2026-09-24T08:53:25.338391Z  INFO tailwindcss_oxide::scanner: Reading "C:\\Users\\Pezhman\\Desktop\\pharmacy\\src\\lib\\db.ts"
2026-09-24T08:53:25.338629Z  INFO tailwindcss_oxide::scanner: Reading "C:\\Users\\Pezhman\\Desktop\\pharmacy\\src\\lib\\auth\\pglite-dialect.ts"
2026-09-24T08:53:25.338646Z  INFO tailwindcss_oxide::scanner: Reading "C:\\Users\\Pezhman\\Desktop\\pharmacy\\src\\lib\\auth\\preview.ts"
2026-09-24T08:53:25.339167Z  INFO tailwindcss_oxide::scanner: Reading "C:\\Users\\Pezhman\\Desktop\\pharmacy\\src\\lib\\multiplayer\\index.ts"
2026-09-24T08:53:25.339271Z  INFO tailwindcss_oxide::scanner: Reading "C:\\Users\\Pezhman\\Desktop\\pharmacy\\src\\lib\\env.server.ts"
2026-09-24T08:53:25.339545Z  INFO tailwindcss_oxide::scanner: Reading "C:\\Users\\Pezhman\\Desktop\\pharmacy\\src\\lib\\pharmacy\\catalog.ts"
2026-09-24T08:53:25.339554Z  INFO tailwindcss_oxide::scanner: Reading "C:\\Users\\Pezhman\\Desktop\\pharmacy\\src\\lib\\og\\site.json"
2026-09-24T08:53:25.340091Z  INFO tailwindcss_oxide::scanner: Reading "C:\\Users\\Pezhman\\Desktop\\pharmacy\\src\\lib\\multiplayer\\p2p.ts"
2026-09-24T08:53:25.340246Z  INFO tailwindcss_oxide::scanner: Reading "C:\\Users\\Pezhman\\Desktop\\pharmacy\\src\\lib\\error-component.tsx"
2026-09-24T08:53:25.340373Z  INFO discover_sources: tailwindcss_oxide::scanner: exit
2026-09-24T08:53:25.340396Z  INFO extract_candidates: tailwindcss_oxide::scanner: enter
2026-09-24T08:53:25.340405Z  INFO extract_candidates:parse_all_blobs: tailwindcss_oxide::scanner: enter
2026-09-24T08:53:25.340415Z  INFO extract_candidates:parse_all_blobs:extract: tailwindcss_oxide::scanner: enter
2026-09-24T08:53:25.390035Z  INFO extract_candidates:parse_all_blobs:extract: tailwindcss_oxide::scanner: exit
2026-09-24T08:53:25.390329Z  INFO extract_candidates:parse_all_blobs: tailwindcss_oxide::scanner: exit
2026-09-24T08:53:25.390352Z  INFO extract_candidates:read_all_files: tailwindcss_oxide::scanner: enter
2026-09-24T08:53:25.390359Z  INFO extract_candidates:read_all_files: tailwindcss_oxide::scanner: Reading 2 file(s)
2026-09-24T08:53:25.391360Z  INFO tailwindcss_oxide::scanner: Reading "C:\\Users\\Pezhman\\Desktop\\pharmacy\\public\\__grok\\install\\styles.css"
2026-09-24T08:53:25.391364Z  INFO tailwindcss_oxide::scanner: Reading "C:\\Users\\Pezhman\\Desktop\\pharmacy\\src\\styles.css"
2026-09-24T08:53:25.391438Z  INFO extract_candidates:read_all_files: tailwindcss_oxide::scanner: exit
2026-09-24T08:53:25.391465Z  INFO extract_candidates:extract_css_variables: tailwindcss_oxide::scanner: enter
2026-09-24T08:53:25.391484Z  INFO extract_candidates:extract_css_variables:extract: tailwindcss_oxide::scanner: enter
2026-09-24T08:53:25.391589Z  INFO extract_candidates:extract_css_variables:extract: tailwindcss_oxide::scanner: exit
2026-09-24T08:53:25.391612Z  INFO extract_candidates:extract_css_variables: tailwindcss_oxide::scanner: exit
2026-09-24T08:53:25.392743Z  INFO extract_candidates: tailwindcss_oxide::scanner: exit
2026-09-24T08:53:25.396440Z  INFO get_files: tailwindcss_oxide::scanner: enter
2026-09-24T08:53:25.396464Z  INFO get_files:discover_sources: tailwindcss_oxide::scanner: enter
2026-09-24T08:53:25.396472Z  INFO get_files:discover_sources: tailwindcss_oxide::scanner: exit
2026-09-24T08:53:25.396594Z  INFO get_files: tailwindcss_oxide::scanner: exit
2026-09-24T08:53:25.397103Z  INFO get_globs: tailwindcss_oxide::scanner: enter
2026-09-24T08:53:25.397120Z  INFO get_globs:discover_sources: tailwindcss_oxide::scanner: enter
2026-09-24T08:53:25.397127Z  INFO get_globs:discover_sources: tailwindcss_oxide::scanner: exit
2026-09-24T08:53:25.410615Z  INFO get_globs: tailwindcss_oxide::scanner: exit
2026-09-24T08:53:26.884669Z  INFO tailwindcss_oxide::scanner: Provided sources:
2026-09-24T08:53:26.884696Z  INFO tailwindcss_oxide::scanner: Source: PublicSourceEntry { base: "C:/Users/Pezhman/Desktop/pharmacy", pattern: "**/*", negated: false }
2026-09-24T08:53:26.886478Z  INFO tailwindcss_oxide::scanner: Optimized sources:
2026-09-24T08:53:26.886503Z  INFO tailwindcss_oxide::scanner: Source: Auto { base: "C:\\Users\\Pezhman\\Desktop\\pharmacy" }
2026-09-24T08:53:26.887819Z  INFO discover_sources: tailwindcss_oxide::scanner: enter
2026-09-24T08:53:26.888097Z  INFO discover_sources:walk_synchronous: tailwindcss_oxide::scanner: enter
2026-09-24T08:53:26.930892Z  INFO discover_sources:walk_synchronous: tailwindcss_oxide::scanner: exit
2026-09-24T08:53:26.932839Z  INFO tailwindcss_oxide::scanner: Reading "C:\\Users\\Pezhman\\Desktop\\pharmacy\\.grok\\app-env.json"
2026-09-24T08:53:26.932835Z  INFO tailwindcss_oxide::scanner: Reading "C:\\Users\\Pezhman\\Desktop\\pharmacy\\src\\components\\pharmacy\\request-form.tsx"
2026-09-24T08:53:26.932851Z  INFO tailwindcss_oxide::scanner: Reading "C:\\Users\\Pezhman\\Desktop\\pharmacy\\scripts\\brand-check.mjs"
2026-09-24T08:53:26.932887Z  INFO tailwindcss_oxide::scanner: Reading "C:\\Users\\Pezhman\\Desktop\\pharmacy\\src\\lib\\auth\\preview.ts"
2026-09-24T08:53:26.934053Z  INFO tailwindcss_oxide::scanner: Reading "C:\\Users\\Pezhman\\Desktop\\pharmacy\\.grok\\references\\browser-qa.md"
2026-09-24T08:53:26.934060Z  INFO tailwindcss_oxide::scanner: Reading "C:\\Users\\Pezhman\\Desktop\\pharmacy\\src\\components\\pharmacy\\shell.tsx"
2026-09-24T08:53:26.934060Z  INFO tailwindcss_oxide::scanner: Reading "C:\\Users\\Pezhman\\Desktop\\pharmacy\\src\\lib\\auth\\provider.tsx"
2026-09-24T08:53:26.935268Z  INFO tailwindcss_oxide::scanner: Reading "C:\\Users\\Pezhman\\Desktop\\pharmacy\\.grok\\references\\data-and-auth.md"
2026-09-24T08:53:26.935277Z  INFO tailwindcss_oxide::scanner: Reading "C:\\Users\\Pezhman\\Desktop\\pharmacy\\src\\components\\pharmacy\\staff.tsx"
2026-09-24T08:53:26.936452Z  INFO tailwindcss_oxide::scanner: Reading "C:\\Users\\Pezhman\\Desktop\\pharmacy\\.grok\\references\\deploy-target.md"
2026-09-24T08:53:26.936461Z  INFO tailwindcss_oxide::scanner: Reading "C:\\Users\\Pezhman\\Desktop\\pharmacy\\src\\components\\pharmacy\\tracking.tsx"
2026-09-24T08:53:26.936527Z  INFO tailwindcss_oxide::scanner: Reading "C:\\Users\\Pezhman\\Desktop\\pharmacy\\src\\lib\\auth\\providers.ts"
2026-09-24T08:53:26.937665Z  INFO tailwindcss_oxide::scanner: Reading "C:\\Users\\Pezhman\\Desktop\\pharmacy\\src\\components\\preview-host-bridge.tsx"
2026-09-24T08:53:26.938188Z  INFO tailwindcss_oxide::scanner: Reading "C:\\Users\\Pezhman\\Desktop\\pharmacy\\.grok\\references\\generated-art.md"
2026-09-24T08:53:26.938723Z  INFO tailwindcss_oxide::scanner: Reading "C:\\Users\\Pezhman\\Desktop\\pharmacy\\src\\components\\ui\\button.tsx"
2026-09-24T08:53:26.939458Z  INFO tailwindcss_oxide::scanner: Reading "C:\\Users\\Pezhman\\Desktop\\pharmacy\\src\\lib\\auth\\server.ts"
2026-09-24T08:53:26.939640Z  INFO tailwindcss_oxide::scanner: Reading "C:\\Users\\Pezhman\\Desktop\\pharmacy\\src\\components\\ui\\card.tsx"
2026-09-24T08:53:26.940698Z  INFO tailwindcss_oxide::scanner: Reading "C:\\Users\\Pezhman\\Desktop\\pharmacy\\src\\components\\ui\\input.tsx"
2026-09-24T08:53:26.941051Z  INFO tailwindcss_oxide::scanner: Reading "C:\\Users\\Pezhman\\Desktop\\pharmacy\\.grok\\references\\hibernate-revive.md"
2026-09-24T08:53:26.941998Z  INFO tailwindcss_oxide::scanner: Reading "C:\\Users\\Pezhman\\Desktop\\pharmacy\\src\\lib\\app-data\\app-data.test.ts"
2026-09-24T08:53:26.943207Z  INFO tailwindcss_oxide::scanner: Reading "C:\\Users\\Pezhman\\Desktop\\pharmacy\\src\\lib\\app-data\\client.server.ts"
2026-09-24T08:53:26.944455Z  INFO tailwindcss_oxide::scanner: Reading "C:\\Users\\Pezhman\\Desktop\\pharmacy\\src\\lib\\app-data\\errors.ts"
2026-09-24T08:53:26.946041Z  INFO tailwindcss_oxide::scanner: Reading "C:\\Users\\Pezhman\\Desktop\\pharmacy\\src\\lib\\app-data\\index.ts"
2026-09-24T08:53:26.946225Z  INFO tailwindcss_oxide::scanner: Reading "C:\\Users\\Pezhman\\Desktop\\pharmacy\\.grok\\references\\scaffold.md"
2026-09-24T08:53:26.947088Z  INFO tailwindcss_oxide::scanner: Reading "C:\\Users\\Pezhman\\Desktop\\pharmacy\\scripts\\brand-check.test.mjs"
2026-09-24T08:53:26.947511Z  INFO tailwindcss_oxide::scanner: Reading "C:\\Users\\Pezhman\\Desktop\\pharmacy\\src\\lib\\app-data\\login.ts"
2026-09-24T08:53:26.947741Z  INFO tailwindcss_oxide::scanner: Reading "C:\\Users\\Pezhman\\Desktop\\pharmacy\\src\\lib\\auth\\sign-in-gate.test.ts"
2026-09-24T08:53:26.948623Z  INFO tailwindcss_oxide::scanner: Reading "C:\\Users\\Pezhman\\Desktop\\pharmacy\\src\\lib\\app-data\\readiness-schedule.test.ts"
2026-09-24T08:53:26.949301Z  INFO tailwindcss_oxide::scanner: Reading "C:\\Users\\Pezhman\\Desktop\\pharmacy\\.grok\\status"
2026-09-24T08:53:26.949737Z  INFO tailwindcss_oxide::scanner: Reading "C:\\Users\\Pezhman\\Desktop\\pharmacy\\src\\lib\\app-data\\readiness-schedule.ts"
2026-09-24T08:53:26.950528Z  INFO tailwindcss_oxide::scanner: Reading "C:\\Users\\Pezhman\\Desktop\\pharmacy\\scripts\\browser-guard.mjs"
2026-09-24T08:53:26.950766Z  INFO tailwindcss_oxide::scanner: Reading "C:\\Users\\Pezhman\\Desktop\\pharmacy\\src\\lib\\app-data\\readiness.ts"
2026-09-24T08:53:26.951121Z  INFO tailwindcss_oxide::scanner: Reading "C:\\Users\\Pezhman\\Desktop\\pharmacy\\.prettierrc"
2026-09-24T08:53:26.951719Z  INFO tailwindcss_oxide::scanner: Reading "C:\\Users\\Pezhman\\Desktop\\pharmacy\\src\\lib\\app-data\\server-only.ts"
2026-09-24T08:53:26.951731Z  INFO tailwindcss_oxide::scanner: Reading "C:\\Users\\Pezhman\\Desktop\\pharmacy\\src\\lib\\auth\\sign-in-gate.ts"
2026-09-24T08:53:26.952730Z  INFO tailwindcss_oxide::scanner: Reading "C:\\Users\\Pezhman\\Desktop\\pharmacy\\src\\lib\\app-data\\types.ts"
2026-09-24T08:53:26.952918Z  INFO tailwindcss_oxide::scanner: Reading "C:\\Users\\Pezhman\\Desktop\\pharmacy\\scripts\\browser-smoke-verdict.mjs"
2026-09-24T08:53:26.952985Z  INFO tailwindcss_oxide::scanner: Reading "C:\\Users\\Pezhman\\Desktop\\pharmacy\\AGENTS.md"
2026-09-24T08:53:26.953161Z  INFO tailwindcss_oxide::scanner: Reading "C:\\Users\\Pezhman\\Desktop\\pharmacy\\build-error.txt"
2026-09-24T08:53:26.953391Z  INFO tailwindcss_oxide::scanner: Reading "C:\\Users\\Pezhman\\Desktop\\pharmacy\\dist\\assets\\index-QBFBENaV.js"
2026-09-24T08:53:26.953506Z  INFO tailwindcss_oxide::scanner: Reading "C:\\Users\\Pezhman\\Desktop\\pharmacy\\src\\lib\\auth\\use-current-user.ts"
2026-09-24T08:53:26.953818Z  INFO tailwindcss_oxide::scanner: Reading "C:\\Users\\Pezhman\\Desktop\\pharmacy\\src\\lib\\app-data\\use-connector-readiness.ts"
2026-09-24T08:53:26.953917Z  INFO tailwindcss_oxide::scanner: Reading "C:\\Users\\Pezhman\\Desktop\\pharmacy\\dist\\assets\\routes-xxmv-fyE.js"
2026-09-24T08:53:26.954072Z  INFO tailwindcss_oxide::scanner: Reading "C:\\Users\\Pezhman\\Desktop\\pharmacy\\dist\\assets\\shell-DVVin3Ky.js"
2026-09-24T08:53:26.954202Z  INFO tailwindcss_oxide::scanner: Reading "C:\\Users\\Pezhman\\Desktop\\pharmacy\\dist\\assets\\staff-C89FFJSA.js"
2026-09-24T08:53:26.954675Z  INFO tailwindcss_oxide::scanner: Reading "C:\\Users\\Pezhman\\Desktop\\pharmacy\\scripts\\browser-smoke-verdict.test.mjs"
2026-09-24T08:53:26.954720Z  INFO tailwindcss_oxide::scanner: Reading "C:\\Users\\Pezhman\\Desktop\\pharmacy\\src\\lib\\auth\\client.ts"
2026-09-24T08:53:26.955004Z  INFO tailwindcss_oxide::scanner: Reading "C:\\Users\\Pezhman\\Desktop\\pharmacy\\src\\lib\\auth\\verify.server.ts"
2026-09-24T08:53:26.955686Z  INFO tailwindcss_oxide::scanner: Reading "C:\\Users\\Pezhman\\Desktop\\pharmacy\\src\\lib\\auth\\email-password.ts"
2026-09-24T08:53:26.955919Z  INFO tailwindcss_oxide::scanner: Reading "C:\\Users\\Pezhman\\Desktop\\pharmacy\\eslint.config.mjs"
2026-09-24T08:53:26.956327Z  INFO tailwindcss_oxide::scanner: Reading "C:\\Users\\Pezhman\\Desktop\\pharmacy\\src\\lib\\db.ts"
2026-09-24T08:53:26.956552Z  INFO tailwindcss_oxide::scanner: Reading "C:\\Users\\Pezhman\\Desktop\\pharmacy\\scripts\\browser-smoke.mjs"
2026-09-24T08:53:26.956640Z  INFO tailwindcss_oxide::scanner: Reading "C:\\Users\\Pezhman\\Desktop\\pharmacy\\src\\lib\\auth\\gate-identity.server.ts"
2026-09-24T08:53:26.957199Z  INFO tailwindcss_oxide::scanner: Reading "C:\\Users\\Pezhman\\Desktop\\pharmacy\\migrations\\auth\\0001_auth.sql"
2026-09-24T08:53:26.957547Z  INFO tailwindcss_oxide::scanner: Reading "C:\\Users\\Pezhman\\Desktop\\pharmacy\\src\\lib\\auth\\gate-identity.test.ts"
2026-09-24T08:53:26.958048Z  INFO tailwindcss_oxide::scanner: Reading "C:\\Users\\Pezhman\\Desktop\\pharmacy\\src\\lib\\env.server.ts"
2026-09-24T08:53:26.958219Z  INFO tailwindcss_oxide::scanner: Reading "C:\\Users\\Pezhman\\Desktop\\pharmacy\\scripts\\check-auth-invariant.mjs"
2026-09-24T08:53:26.958465Z  INFO tailwindcss_oxide::scanner: Reading "C:\\Users\\Pezhman\\Desktop\\pharmacy\\src\\lib\\auth\\gate-session-marker.ts"
2026-09-24T08:53:26.959464Z  INFO tailwindcss_oxide::scanner: Reading "C:\\Users\\Pezhman\\Desktop\\pharmacy\\src\\lib\\auth\\gate-session.server.ts"
2026-09-24T08:53:26.960350Z  INFO tailwindcss_oxide::scanner: Reading "C:\\Users\\Pezhman\\Desktop\\pharmacy\\src\\lib\\error-component.tsx"
2026-09-24T08:53:26.960604Z  INFO tailwindcss_oxide::scanner: Reading "C:\\Users\\Pezhman\\Desktop\\pharmacy\\src\\lib\\auth\\gates.tsx"
2026-09-24T08:53:26.960642Z  INFO tailwindcss_oxide::scanner: Reading "C:\\Users\\Pezhman\\Desktop\\pharmacy\\scripts\\check-auth-invariant.test.mjs"
2026-09-24T08:53:26.962034Z  INFO tailwindcss_oxide::scanner: Reading "C:\\Users\\Pezhman\\Desktop\\pharmacy\\src\\lib\\auth\\isolation.server.ts"
2026-09-24T08:53:26.962940Z  INFO tailwindcss_oxide::scanner: Reading "C:\\Users\\Pezhman\\Desktop\\pharmacy\\netlify-error.txt"
2026-09-24T08:53:26.963145Z  INFO tailwindcss_oxide::scanner: Reading "C:\\Users\\Pezhman\\Desktop\\pharmacy\\package.json"
2026-09-24T08:53:26.963301Z  INFO tailwindcss_oxide::scanner: Reading "C:\\Users\\Pezhman\\Desktop\\pharmacy\\src\\lib\\auth\\middleware.ts"
2026-09-24T08:53:26.963467Z  INFO tailwindcss_oxide::scanner: Reading "C:\\Users\\Pezhman\\Desktop\\pharmacy\\scripts\\grok-pwa-plugin.mjs"
2026-09-24T08:53:26.963801Z  INFO tailwindcss_oxide::scanner: Reading "C:\\Users\\Pezhman\\Desktop\\pharmacy\\src\\lib\\multiplayer\\index.ts"
2026-09-24T08:53:26.964257Z  INFO tailwindcss_oxide::scanner: Reading "C:\\Users\\Pezhman\\Desktop\\pharmacy\\src\\lib\\auth\\pglite-dialect.ts"
2026-09-24T08:53:26.964531Z  INFO tailwindcss_oxide::scanner: Reading "C:\\Users\\Pezhman\\Desktop\\pharmacy\\public\\favicon.svg"
2026-09-24T08:53:26.964713Z  INFO tailwindcss_oxide::scanner: Reading "C:\\Users\\Pezhman\\Desktop\\pharmacy\\public\\sw.js"
2026-09-24T08:53:26.965222Z  INFO tailwindcss_oxide::scanner: Reading "C:\\Users\\Pezhman\\Desktop\\pharmacy\\src\\lib\\auth\\popup.server.ts"
2026-09-24T08:53:26.965401Z  INFO tailwindcss_oxide::scanner: Reading "C:\\Users\\Pezhman\\Desktop\\pharmacy\\scripts\\grok-pwa-plugin.test.mjs"
2026-09-24T08:53:26.965723Z  INFO tailwindcss_oxide::scanner: Reading "C:\\Users\\Pezhman\\Desktop\\pharmacy\\src\\lib\\multiplayer\\p2p.ts"
2026-09-24T08:53:26.966158Z  INFO tailwindcss_oxide::scanner: Reading "C:\\Users\\Pezhman\\Desktop\\pharmacy\\scripts\\migration-plan.test.mjs"
2026-09-24T08:53:26.966662Z  INFO tailwindcss_oxide::scanner: Reading "C:\\Users\\Pezhman\\Desktop\\pharmacy\\public\\__grok\\install\\assets\\homescreen\\glass-puzzle.svg"
2026-09-24T08:53:26.966698Z  INFO tailwindcss_oxide::scanner: Reading "C:\\Users\\Pezhman\\Desktop\\pharmacy\\scripts\\grok-pwa-shared.d.mts"
2026-09-24T08:53:26.966923Z  INFO tailwindcss_oxide::scanner: Reading "C:\\Users\\Pezhman\\Desktop\\pharmacy\\src\\lib\\og\\site.json"
2026-09-24T08:53:26.967033Z  INFO tailwindcss_oxide::scanner: Reading "C:\\Users\\Pezhman\\Desktop\\pharmacy\\scripts\\preview-thumbnail.mjs"
2026-09-24T08:53:26.967829Z  INFO tailwindcss_oxide::scanner: Reading "C:\\Users\\Pezhman\\Desktop\\pharmacy\\scripts\\preview.mjs"
2026-09-24T08:53:26.967918Z  INFO tailwindcss_oxide::scanner: Reading "C:\\Users\\Pezhman\\Desktop\\pharmacy\\scripts\\grok-pwa-shared.mjs"
2026-09-24T08:53:26.968068Z  INFO tailwindcss_oxide::scanner: Reading "C:\\Users\\Pezhman\\Desktop\\pharmacy\\src\\lib\\pharmacy\\catalog.ts"
2026-09-24T08:53:26.968519Z  INFO tailwindcss_oxide::scanner: Reading "C:\\Users\\Pezhman\\Desktop\\pharmacy\\public\\__grok\\install\\assets\\homescreen\\glass-share.svg"
2026-09-24T08:53:26.968710Z  INFO tailwindcss_oxide::scanner: Reading "C:\\Users\\Pezhman\\Desktop\\pharmacy\\scripts\\preview.test.mjs"
2026-09-24T08:53:26.969444Z  INFO tailwindcss_oxide::scanner: Reading "C:\\Users\\Pezhman\\Desktop\\pharmacy\\src\\lib\\pharmacy\\photos.ts"
2026-09-24T08:53:26.969504Z  INFO tailwindcss_oxide::scanner: Reading "C:\\Users\\Pezhman\\Desktop\\pharmacy\\scripts\\sign-out-plan.mjs"
2026-09-24T08:53:26.969741Z  INFO tailwindcss_oxide::scanner: Reading "C:\\Users\\Pezhman\\Desktop\\pharmacy\\scripts\\install-page.html"
2026-09-24T08:53:26.970170Z  INFO tailwindcss_oxide::scanner: Reading "C:\\Users\\Pezhman\\Desktop\\pharmacy\\public\\__grok\\install\\assets\\homescreen\\logo-grok.svg"
2026-09-24T08:53:26.970395Z  INFO tailwindcss_oxide::scanner: Reading "C:\\Users\\Pezhman\\Desktop\\pharmacy\\scripts\\sign-out-plan.test.mjs"
2026-09-24T08:53:26.970998Z  INFO tailwindcss_oxide::scanner: Reading "C:\\Users\\Pezhman\\Desktop\\pharmacy\\src\\lib\\pharmacy\\store.ts"
2026-09-24T08:53:26.971188Z  INFO tailwindcss_oxide::scanner: Reading "C:\\Users\\Pezhman\\Desktop\\pharmacy\\scripts\\migrate.mjs"
2026-09-24T08:53:26.971194Z  INFO tailwindcss_oxide::scanner: Reading "C:\\Users\\Pezhman\\Desktop\\pharmacy\\scripts\\with-app-env.mjs"
2026-09-24T08:53:26.971391Z  INFO tailwindcss_oxide::scanner: Reading "C:\\Users\\Pezhman\\Desktop\\pharmacy\\public\\__grok\\install\\assets\\homescreen\\plus.svg"
2026-09-24T08:53:26.971503Z  INFO tailwindcss_oxide::scanner: Reading "C:\\Users\\Pezhman\\Desktop\\pharmacy\\screenshots\\.gitkeep"
2026-09-24T08:53:26.972095Z  INFO tailwindcss_oxide::scanner: Reading "C:\\Users\\Pezhman\\Desktop\\pharmacy\\scripts\\with-app-env.test.mjs"
2026-09-24T08:53:26.972498Z  INFO tailwindcss_oxide::scanner: Reading "C:\\Users\\Pezhman\\Desktop\\pharmacy\\src\\lib\\pharmacy\\types.ts"
2026-09-24T08:53:26.972723Z  INFO tailwindcss_oxide::scanner: Reading "C:\\Users\\Pezhman\\Desktop\\pharmacy\\screenshots\\app-builder-built.json"
2026-09-24T08:53:26.972823Z  INFO tailwindcss_oxide::scanner: Reading "C:\\Users\\Pezhman\\Desktop\\pharmacy\\scripts\\migration-plan.mjs"
2026-09-24T08:53:26.972973Z  INFO tailwindcss_oxide::scanner: Reading "C:\\Users\\Pezhman\\Desktop\\pharmacy\\scripts\\write-atomic.mjs"
2026-09-24T08:53:26.973687Z  INFO tailwindcss_oxide::scanner: Reading "C:\\Users\\Pezhman\\Desktop\\pharmacy\\src\\lib\\pharmacy\\validate.ts"
2026-09-24T08:53:26.973778Z  INFO tailwindcss_oxide::scanner: Reading "C:\\Users\\Pezhman\\Desktop\\pharmacy\\scripts\\write-atomic.test.mjs"
2026-09-24T08:53:26.973987Z  INFO tailwindcss_oxide::scanner: Reading "C:\\Users\\Pezhman\\Desktop\\pharmacy\\src\\router.tsx"
2026-09-24T08:53:26.974625Z  INFO tailwindcss_oxide::scanner: Reading "C:\\Users\\Pezhman\\Desktop\\pharmacy\\server\\middleware\\grok-pwa.ts"
2026-09-24T08:53:26.974627Z  INFO tailwindcss_oxide::scanner: Reading "C:\\Users\\Pezhman\\Desktop\\pharmacy\\screenshots\\app-builder-preview.json"
2026-09-24T08:53:26.975283Z  INFO tailwindcss_oxide::scanner: Reading "C:\\Users\\Pezhman\\Desktop\\pharmacy\\src\\routes\\index.tsx"
2026-09-24T08:53:26.975582Z  INFO tailwindcss_oxide::scanner: Reading "C:\\Users\\Pezhman\\Desktop\\pharmacy\\scripts\\app-env-plugin.mjs"
2026-09-24T08:53:26.975822Z  INFO tailwindcss_oxide::scanner: Reading "C:\\Users\\Pezhman\\Desktop\\pharmacy\\server\\virtual-grok-og-identity.d.ts"
2026-09-24T08:53:26.975700Z  INFO tailwindcss_oxide::scanner: Reading "C:\\Users\\Pezhman\\Desktop\\pharmacy\\src\\lib\\preview-embedder-origin.ts"
2026-09-24T08:53:26.976392Z  INFO tailwindcss_oxide::scanner: Reading "C:\\Users\\Pezhman\\Desktop\\pharmacy\\src\\routes\\staff.tsx"
2026-09-24T08:53:26.976447Z  INFO tailwindcss_oxide::scanner: Reading "C:\\Users\\Pezhman\\Desktop\\pharmacy\\src\\routeTree.gen.ts"
2026-09-24T08:53:26.977048Z  INFO tailwindcss_oxide::scanner: Reading "C:\\Users\\Pezhman\\Desktop\\pharmacy\\src\\components\\pharmacy\\background-layer.tsx"
2026-09-24T08:53:26.977248Z  INFO tailwindcss_oxide::scanner: Reading "C:\\Users\\Pezhman\\Desktop\\pharmacy\\startup.sh"
2026-09-24T08:53:26.977770Z  INFO tailwindcss_oxide::scanner: Reading "C:\\Users\\Pezhman\\Desktop\\pharmacy\\src\\lib\\preview-host-bridge.ts"
2026-09-24T08:53:26.978000Z  INFO tailwindcss_oxide::scanner: Reading "C:\\Users\\Pezhman\\Desktop\\pharmacy\\src\\routes\\__root.tsx"
2026-09-24T08:53:26.978078Z  INFO tailwindcss_oxide::scanner: Reading "C:\\Users\\Pezhman\\Desktop\\pharmacy\\tsconfig.json"
2026-09-24T08:53:26.978240Z  INFO tailwindcss_oxide::scanner: Reading "C:\\Users\\Pezhman\\Desktop\\pharmacy\\vite.config.ts"
2026-09-24T08:53:26.978368Z  INFO tailwindcss_oxide::scanner: Reading "C:\\Users\\Pezhman\\Desktop\\pharmacy\\src\\components\\pharmacy\\home.tsx"
2026-09-24T08:53:26.978859Z  INFO tailwindcss_oxide::scanner: Reading "C:\\Users\\Pezhman\\Desktop\\pharmacy\\src\\lib\\utils.ts"
2026-09-24T08:53:26.978983Z  INFO tailwindcss_oxide::scanner: Reading "C:\\Users\\Pezhman\\Desktop\\pharmacy\\src\\components\\pharmacy\\photo-picker.tsx"
2026-09-24T08:53:26.979096Z  INFO discover_sources: tailwindcss_oxide::scanner: exit
2026-09-24T08:53:26.979125Z  INFO extract_candidates: tailwindcss_oxide::scanner: enter
2026-09-24T08:53:26.979137Z  INFO extract_candidates:parse_all_blobs: tailwindcss_oxide::scanner: enter
2026-09-24T08:53:26.979148Z  INFO extract_candidates:parse_all_blobs:extract: tailwindcss_oxide::scanner: enter
2026-09-24T08:53:27.110751Z  INFO extract_candidates:parse_all_blobs:extract: tailwindcss_oxide::scanner: exit
2026-09-24T08:53:27.111561Z  INFO extract_candidates:parse_all_blobs: tailwindcss_oxide::scanner: exit
2026-09-24T08:53:27.111588Z  INFO extract_candidates:read_all_files: tailwindcss_oxide::scanner: enter
2026-09-24T08:53:27.111600Z  INFO extract_candidates:read_all_files: tailwindcss_oxide::scanner: Reading 3 file(s)
2026-09-24T08:53:27.112954Z  INFO tailwindcss_oxide::scanner: Reading "C:\\Users\\Pezhman\\Desktop\\pharmacy\\src\\styles.css"
2026-09-24T08:53:27.112954Z  INFO tailwindcss_oxide::scanner: Reading "C:\\Users\\Pezhman\\Desktop\\pharmacy\\public\\__grok\\install\\styles.css"
2026-09-24T08:53:27.112954Z  INFO tailwindcss_oxide::scanner: Reading "C:\\Users\\Pezhman\\Desktop\\pharmacy\\dist\\assets\\styles-Dx0h8_kk.css"
2026-09-24T08:53:27.113053Z  INFO extract_candidates:read_all_files: tailwindcss_oxide::scanner: exit
2026-09-24T08:53:27.113079Z  INFO extract_candidates:extract_css_variables: tailwindcss_oxide::scanner: enter
2026-09-24T08:53:27.113091Z  INFO extract_candidates:extract_css_variables:extract: tailwindcss_oxide::scanner: enter
2026-09-24T08:53:27.113310Z  INFO extract_candidates:extract_css_variables:extract: tailwindcss_oxide::scanner: exit
2026-09-24T08:53:27.113335Z  INFO extract_candidates:extract_css_variables: tailwindcss_oxide::scanner: exit
2026-09-24T08:53:27.115524Z  INFO extract_candidates: tailwindcss_oxide::scanner: exit
2026-09-24T08:53:27.121604Z  INFO get_files: tailwindcss_oxide::scanner: enter
2026-09-24T08:53:27.121641Z  INFO get_files:discover_sources: tailwindcss_oxide::scanner: enter
2026-09-24T08:53:27.121649Z  INFO get_files:discover_sources: tailwindcss_oxide::scanner: exit
2026-09-24T08:53:27.121768Z  INFO get_files: tailwindcss_oxide::scanner: exit
2026-09-24T08:53:27.122396Z  INFO get_globs: tailwindcss_oxide::scanner: enter
2026-09-24T08:53:27.122417Z  INFO get_globs:discover_sources: tailwindcss_oxide::scanner: enter
2026-09-24T08:53:27.122428Z  INFO get_globs:discover_sources: tailwindcss_oxide::scanner: exit
2026-09-24T08:53:27.140013Z  INFO get_globs: tailwindcss_oxide::scanner: exit
