2026-09-24T09:30:35.648062Z  INFO tailwindcss_oxide::scanner: Provided sources:
2026-09-24T09:30:35.648262Z  INFO tailwindcss_oxide::scanner: Source: PublicSourceEntry { base: "C:/Users/Pezhman/Desktop/pharmacy", pattern: "**/*", negated: false }
2026-09-24T09:30:35.650391Z  INFO tailwindcss_oxide::scanner: Optimized sources:
2026-09-24T09:30:35.651269Z  INFO tailwindcss_oxide::scanner: Source: Auto { base: "C:\\Users\\Pezhman\\Desktop\\pharmacy" }
2026-09-24T09:30:35.654891Z  INFO discover_sources: tailwindcss_oxide::scanner: enter
2026-09-24T09:30:35.655111Z  INFO discover_sources:walk_synchronous: tailwindcss_oxide::scanner: enter
2026-09-24T09:30:35.680195Z  INFO discover_sources:walk_synchronous: tailwindcss_oxide::scanner: exit
2026-09-24T09:30:35.682509Z  INFO tailwindcss_oxide::scanner: Reading "C:\\Users\\Pezhman\\Desktop\\pharmacy\\src\\components\\pharmacy\\staff.tsx"
2026-09-24T09:30:35.682492Z  INFO tailwindcss_oxide::scanner: Reading "C:\\Users\\Pezhman\\Desktop\\pharmacy\\scripts\\preview.mjs"
2026-09-24T09:30:35.682492Z  INFO tailwindcss_oxide::scanner: Reading "C:\\Users\\Pezhman\\Desktop\\pharmacy\\scripts\\browser-smoke-verdict.mjs"
2026-09-24T09:30:35.682823Z  INFO tailwindcss_oxide::scanner: Reading "C:\\Users\\Pezhman\\Desktop\\pharmacy\\.grok\\app-env.json"
2026-09-24T09:30:35.683549Z  INFO tailwindcss_oxide::scanner: Reading "C:\\Users\\Pezhman\\Desktop\\pharmacy\\scripts\\browser-smoke-verdict.test.mjs"
2026-09-24T09:30:35.683600Z  INFO tailwindcss_oxide::scanner: Reading "C:\\Users\\Pezhman\\Desktop\\pharmacy\\scripts\\preview.test.mjs"
2026-09-24T09:30:35.683607Z  INFO tailwindcss_oxide::scanner: Reading "C:\\Users\\Pezhman\\Desktop\\pharmacy\\src\\components\\pharmacy\\tracking.tsx"
2026-09-24T09:30:35.684021Z  INFO tailwindcss_oxide::scanner: Reading "C:\\Users\\Pezhman\\Desktop\\pharmacy\\.grok\\references\\browser-qa.md"
2026-09-24T09:30:35.684593Z  INFO tailwindcss_oxide::scanner: Reading "C:\\Users\\Pezhman\\Desktop\\pharmacy\\scripts\\browser-smoke.mjs"
2026-09-24T09:30:35.684602Z  INFO tailwindcss_oxide::scanner: Reading "C:\\Users\\Pezhman\\Desktop\\pharmacy\\src\\components\\preview-host-bridge.tsx"
2026-09-24T09:30:35.684608Z  INFO tailwindcss_oxide::scanner: Reading "C:\\Users\\Pezhman\\Desktop\\pharmacy\\scripts\\sign-out-plan.mjs"
2026-09-24T09:30:35.685199Z  INFO tailwindcss_oxide::scanner: Reading "C:\\Users\\Pezhman\\Desktop\\pharmacy\\.grok\\references\\data-and-auth.md"
2026-09-24T09:30:35.685660Z  INFO tailwindcss_oxide::scanner: Reading "C:\\Users\\Pezhman\\Desktop\\pharmacy\\scripts\\sign-out-plan.test.mjs"
2026-09-24T09:30:35.685660Z  INFO tailwindcss_oxide::scanner: Reading "C:\\Users\\Pezhman\\Desktop\\pharmacy\\scripts\\check-auth-invariant.mjs"
2026-09-24T09:30:35.685670Z  INFO tailwindcss_oxide::scanner: Reading "C:\\Users\\Pezhman\\Desktop\\pharmacy\\src\\components\\ui\\button.tsx"
2026-09-24T09:30:35.686214Z  INFO tailwindcss_oxide::scanner: Reading "C:\\Users\\Pezhman\\Desktop\\pharmacy\\.grok\\references\\deploy-target.md"
2026-09-24T09:30:35.686658Z  INFO tailwindcss_oxide::scanner: Reading "C:\\Users\\Pezhman\\Desktop\\pharmacy\\scripts\\with-app-env.mjs"
2026-09-24T09:30:35.686671Z  INFO tailwindcss_oxide::scanner: Reading "C:\\Users\\Pezhman\\Desktop\\pharmacy\\scripts\\check-auth-invariant.test.mjs"
2026-09-24T09:30:35.686686Z  INFO tailwindcss_oxide::scanner: Reading "C:\\Users\\Pezhman\\Desktop\\pharmacy\\src\\components\\ui\\card.tsx"
2026-09-24T09:30:35.687238Z  INFO tailwindcss_oxide::scanner: Reading "C:\\Users\\Pezhman\\Desktop\\pharmacy\\.grok\\references\\generated-art.md"
2026-09-24T09:30:35.687696Z  INFO tailwindcss_oxide::scanner: Reading "C:\\Users\\Pezhman\\Desktop\\pharmacy\\scripts\\with-app-env.test.mjs"
2026-09-24T09:30:35.687753Z  INFO tailwindcss_oxide::scanner: Reading "C:\\Users\\Pezhman\\Desktop\\pharmacy\\scripts\\grok-pwa-plugin.mjs"
2026-09-24T09:30:35.687813Z  INFO tailwindcss_oxide::scanner: Reading "C:\\Users\\Pezhman\\Desktop\\pharmacy\\src\\components\\ui\\input.tsx"
2026-09-24T09:30:35.688419Z  INFO tailwindcss_oxide::scanner: Reading "C:\\Users\\Pezhman\\Desktop\\pharmacy\\.grok\\references\\hibernate-revive.md"
2026-09-24T09:30:35.688618Z  INFO tailwindcss_oxide::scanner: Reading "C:\\Users\\Pezhman\\Desktop\\pharmacy\\scripts\\write-atomic.mjs"
2026-09-24T09:30:35.688709Z  INFO tailwindcss_oxide::scanner: Reading "C:\\Users\\Pezhman\\Desktop\\pharmacy\\scripts\\grok-pwa-plugin.test.mjs"
2026-09-24T09:30:35.688773Z  INFO tailwindcss_oxide::scanner: Reading "C:\\Users\\Pezhman\\Desktop\\pharmacy\\src\\lib\\app-data\\app-data.test.ts"
2026-09-24T09:30:35.689676Z  INFO tailwindcss_oxide::scanner: Reading "C:\\Users\\Pezhman\\Desktop\\pharmacy\\scripts\\write-atomic.test.mjs"
2026-09-24T09:30:35.689676Z  INFO tailwindcss_oxide::scanner: Reading "C:\\Users\\Pezhman\\Desktop\\pharmacy\\.grok\\references\\scaffold.md"
2026-09-24T09:30:35.689702Z  INFO tailwindcss_oxide::scanner: Reading "C:\\Users\\Pezhman\\Desktop\\pharmacy\\scripts\\grok-pwa-shared.d.mts"
2026-09-24T09:30:35.689737Z  INFO tailwindcss_oxide::scanner: Reading "C:\\Users\\Pezhman\\Desktop\\pharmacy\\src\\lib\\app-data\\client.server.ts"
2026-09-24T09:30:35.690720Z  INFO tailwindcss_oxide::scanner: Reading "C:\\Users\\Pezhman\\Desktop\\pharmacy\\.grok\\status"
2026-09-24T09:30:35.690720Z  INFO tailwindcss_oxide::scanner: Reading "C:\\Users\\Pezhman\\Desktop\\pharmacy\\server\\middleware\\grok-pwa.ts"
2026-09-24T09:30:35.690776Z  INFO tailwindcss_oxide::scanner: Reading "C:\\Users\\Pezhman\\Desktop\\pharmacy\\scripts\\grok-pwa-shared.mjs"
2026-09-24T09:30:35.690776Z  INFO tailwindcss_oxide::scanner: Reading "C:\\Users\\Pezhman\\Desktop\\pharmacy\\src\\lib\\app-data\\errors.ts"
2026-09-24T09:30:35.691846Z  INFO tailwindcss_oxide::scanner: Reading "C:\\Users\\Pezhman\\Desktop\\pharmacy\\src\\lib\\app-data\\index.ts"
2026-09-24T09:30:35.691866Z  INFO tailwindcss_oxide::scanner: Reading "C:\\Users\\Pezhman\\Desktop\\pharmacy\\scripts\\install-page.html"
2026-09-24T09:30:35.691846Z  INFO tailwindcss_oxide::scanner: Reading "C:\\Users\\Pezhman\\Desktop\\pharmacy\\server\\virtual-grok-og-identity.d.ts"
2026-09-24T09:30:35.691885Z  INFO tailwindcss_oxide::scanner: Reading "C:\\Users\\Pezhman\\Desktop\\pharmacy\\.prettierrc"
2026-09-24T09:30:35.692962Z  INFO tailwindcss_oxide::scanner: Reading "C:\\Users\\Pezhman\\Desktop\\pharmacy\\scripts\\migrate.mjs"
2026-09-24T09:30:35.692977Z  INFO tailwindcss_oxide::scanner: Reading "C:\\Users\\Pezhman\\Desktop\\pharmacy\\AGENTS.md"
2026-09-24T09:30:35.692977Z  INFO tailwindcss_oxide::scanner: Reading "C:\\Users\\Pezhman\\Desktop\\pharmacy\\src\\lib\\app-data\\login.ts"
2026-09-24T09:30:35.692968Z  INFO tailwindcss_oxide::scanner: Reading "C:\\Users\\Pezhman\\Desktop\\pharmacy\\src\\components\\pharmacy\\background-layer.tsx"
2026-09-24T09:30:35.693215Z  INFO tailwindcss_oxide::scanner: Reading "C:\\Users\\Pezhman\\Desktop\\pharmacy\\build-error.txt"
2026-09-24T09:30:35.694068Z  INFO tailwindcss_oxide::scanner: Reading "C:\\Users\\Pezhman\\Desktop\\pharmacy\\scripts\\migration-plan.mjs"
2026-09-24T09:30:35.694089Z  INFO tailwindcss_oxide::scanner: Reading "C:\\Users\\Pezhman\\Desktop\\pharmacy\\eslint.config.mjs"
2026-09-24T09:30:35.694084Z  INFO tailwindcss_oxide::scanner: Reading "C:\\Users\\Pezhman\\Desktop\\pharmacy\\src\\components\\pharmacy\\home.tsx"
2026-09-24T09:30:35.694068Z  INFO tailwindcss_oxide::scanner: Reading "C:\\Users\\Pezhman\\Desktop\\pharmacy\\src\\lib\\app-data\\readiness-schedule.test.ts"
2026-09-24T09:30:35.695192Z  INFO tailwindcss_oxide::scanner: Reading "C:\\Users\\Pezhman\\Desktop\\pharmacy\\src\\lib\\app-data\\readiness-schedule.ts"
2026-09-24T09:30:35.695192Z  INFO tailwindcss_oxide::scanner: Reading "C:\\Users\\Pezhman\\Desktop\\pharmacy\\scripts\\migration-plan.test.mjs"
2026-09-24T09:30:35.695192Z  INFO tailwindcss_oxide::scanner: Reading "C:\\Users\\Pezhman\\Desktop\\pharmacy\\migrations\\auth\\0001_auth.sql"
2026-09-24T09:30:35.695192Z  INFO tailwindcss_oxide::scanner: Reading "C:\\Users\\Pezhman\\Desktop\\pharmacy\\src\\components\\pharmacy\\photo-picker.tsx"
2026-09-24T09:30:35.696268Z  INFO tailwindcss_oxide::scanner: Reading "C:\\Users\\Pezhman\\Desktop\\pharmacy\\src\\lib\\app-data\\readiness.ts"
2026-09-24T09:30:35.696268Z  INFO tailwindcss_oxide::scanner: Reading "C:\\Users\\Pezhman\\Desktop\\pharmacy\\scripts\\preview-thumbnail.mjs"
2026-09-24T09:30:35.696279Z  INFO tailwindcss_oxide::scanner: Reading "C:\\Users\\Pezhman\\Desktop\\pharmacy\\src\\components\\pharmacy\\request-form.tsx"
2026-09-24T09:30:35.696566Z  INFO tailwindcss_oxide::scanner: Reading "C:\\Users\\Pezhman\\Desktop\\pharmacy\\netlify.toml"
2026-09-24T09:30:35.696701Z  INFO tailwindcss_oxide::scanner: Reading "C:\\Users\\Pezhman\\Desktop\\pharmacy\\package.json"
2026-09-24T09:30:35.697530Z  INFO tailwindcss_oxide::scanner: Reading "C:\\Users\\Pezhman\\Desktop\\pharmacy\\src\\components\\pharmacy\\shell.tsx"
2026-09-24T09:30:35.697566Z  INFO tailwindcss_oxide::scanner: Reading "C:\\Users\\Pezhman\\Desktop\\pharmacy\\src\\lib\\app-data\\server-only.ts"
2026-09-24T09:30:35.697653Z  INFO tailwindcss_oxide::scanner: Reading "C:\\Users\\Pezhman\\Desktop\\pharmacy\\public\\favicon.svg"
2026-09-24T09:30:35.697800Z  INFO tailwindcss_oxide::scanner: Reading "C:\\Users\\Pezhman\\Desktop\\pharmacy\\public\\sw.js"
2026-09-24T09:30:35.698859Z  INFO tailwindcss_oxide::scanner: Reading "C:\\Users\\Pezhman\\Desktop\\pharmacy\\public\\__grok\\install\\assets\\homescreen\\plus.svg"
2026-09-24T09:30:35.698867Z  INFO tailwindcss_oxide::scanner: Reading "C:\\Users\\Pezhman\\Desktop\\pharmacy\\src\\lib\\app-data\\types.ts"
2026-09-24T09:30:35.698876Z  INFO tailwindcss_oxide::scanner: Reading "C:\\Users\\Pezhman\\Desktop\\pharmacy\\public\\__grok\\install\\assets\\homescreen\\glass-puzzle.svg"
2026-09-24T09:30:35.699027Z  INFO tailwindcss_oxide::scanner: Reading "C:\\Users\\Pezhman\\Desktop\\pharmacy\\screenshots\\.gitkeep"
2026-09-24T09:30:35.699775Z  INFO tailwindcss_oxide::scanner: Reading "C:\\Users\\Pezhman\\Desktop\\pharmacy\\netlify-error.txt"
2026-09-24T09:30:35.700225Z  INFO tailwindcss_oxide::scanner: Reading "C:\\Users\\Pezhman\\Desktop\\pharmacy\\screenshots\\app-builder-built.json"
2026-09-24T09:30:35.700225Z  INFO tailwindcss_oxide::scanner: Reading "C:\\Users\\Pezhman\\Desktop\\pharmacy\\public\\__grok\\install\\assets\\homescreen\\glass-share.svg"
2026-09-24T09:30:35.700225Z  INFO tailwindcss_oxide::scanner: Reading "C:\\Users\\Pezhman\\Desktop\\pharmacy\\src\\lib\\app-data\\use-connector-readiness.ts"
2026-09-24T09:30:35.700778Z  INFO tailwindcss_oxide::scanner: Reading "C:\\Users\\Pezhman\\Desktop\\pharmacy\\public\\__grok\\install\\assets\\homescreen\\logo-grok.svg"
2026-09-24T09:30:35.701316Z  INFO tailwindcss_oxide::scanner: Reading "C:\\Users\\Pezhman\\Desktop\\pharmacy\\screenshots\\app-builder-preview.json"
2026-09-24T09:30:35.701316Z  INFO tailwindcss_oxide::scanner: Reading "C:\\Users\\Pezhman\\Desktop\\pharmacy\\src\\lib\\auth\\provider.tsx"
2026-09-24T09:30:35.701340Z  INFO tailwindcss_oxide::scanner: Reading "C:\\Users\\Pezhman\\Desktop\\pharmacy\\src\\lib\\auth\\client.ts"
2026-09-24T09:30:35.701753Z  INFO tailwindcss_oxide::scanner: Reading "C:\\Users\\Pezhman\\Desktop\\pharmacy\\src\\lib\\pharmacy\\photos.ts"
2026-09-24T09:30:35.702342Z  INFO tailwindcss_oxide::scanner: Reading "C:\\Users\\Pezhman\\Desktop\\pharmacy\\src\\lib\\auth\\providers.ts"
2026-09-24T09:30:35.702343Z  INFO tailwindcss_oxide::scanner: Reading "C:\\Users\\Pezhman\\Desktop\\pharmacy\\scripts\\app-env-plugin.mjs"
2026-09-24T09:30:35.702352Z  INFO tailwindcss_oxide::scanner: Reading "C:\\Users\\Pezhman\\Desktop\\pharmacy\\src\\lib\\auth\\email-password.ts"
2026-09-24T09:30:35.702778Z  INFO tailwindcss_oxide::scanner: Reading "C:\\Users\\Pezhman\\Desktop\\pharmacy\\src\\lib\\pharmacy\\store.ts"
2026-09-24T09:30:35.703384Z  INFO tailwindcss_oxide::scanner: Reading "C:\\Users\\Pezhman\\Desktop\\pharmacy\\src\\lib\\auth\\gate-identity.server.ts"
2026-09-24T09:30:35.703385Z  INFO tailwindcss_oxide::scanner: Reading "C:\\Users\\Pezhman\\Desktop\\pharmacy\\scripts\\brand-check.mjs"
2026-09-24T09:30:35.703633Z  INFO tailwindcss_oxide::scanner: Reading "C:\\Users\\Pezhman\\Desktop\\pharmacy\\src\\lib\\pharmacy\\types.ts"
2026-09-24T09:30:35.703633Z  INFO tailwindcss_oxide::scanner: Reading "C:\\Users\\Pezhman\\Desktop\\pharmacy\\src\\lib\\auth\\server.ts"
2026-09-24T09:30:35.704384Z  INFO tailwindcss_oxide::scanner: Reading "C:\\Users\\Pezhman\\Desktop\\pharmacy\\scripts\\brand-check.test.mjs"
2026-09-24T09:30:35.704584Z  INFO tailwindcss_oxide::scanner: Reading "C:\\Users\\Pezhman\\Desktop\\pharmacy\\src\\lib\\auth\\sign-in-gate.test.ts"
2026-09-24T09:30:35.704611Z  INFO tailwindcss_oxide::scanner: Reading "C:\\Users\\Pezhman\\Desktop\\pharmacy\\src\\lib\\auth\\gate-identity.test.ts"
2026-09-24T09:30:35.704584Z  INFO tailwindcss_oxide::scanner: Reading "C:\\Users\\Pezhman\\Desktop\\pharmacy\\src\\lib\\pharmacy\\validate.ts"
2026-09-24T09:30:35.705360Z  INFO tailwindcss_oxide::scanner: Reading "C:\\Users\\Pezhman\\Desktop\\pharmacy\\scripts\\browser-guard.mjs"
2026-09-24T09:30:35.705499Z  INFO tailwindcss_oxide::scanner: Reading "C:\\Users\\Pezhman\\Desktop\\pharmacy\\src\\lib\\auth\\sign-in-gate.ts"
2026-09-24T09:30:35.705566Z  INFO tailwindcss_oxide::scanner: Reading "C:\\Users\\Pezhman\\Desktop\\pharmacy\\src\\lib\\auth\\gate-session-marker.ts"
2026-09-24T09:30:35.705567Z  INFO tailwindcss_oxide::scanner: Reading "C:\\Users\\Pezhman\\Desktop\\pharmacy\\src\\lib\\preview-embedder-origin.ts"
2026-09-24T09:30:35.706398Z  INFO tailwindcss_oxide::scanner: Reading "C:\\Users\\Pezhman\\Desktop\\pharmacy\\src\\router.tsx"
2026-09-24T09:30:35.706407Z  INFO tailwindcss_oxide::scanner: Reading "C:\\Users\\Pezhman\\Desktop\\pharmacy\\src\\lib\\auth\\use-current-user.ts"
2026-09-24T09:30:35.706416Z  INFO tailwindcss_oxide::scanner: Reading "C:\\Users\\Pezhman\\Desktop\\pharmacy\\src\\lib\\preview-host-bridge.ts"
2026-09-24T09:30:35.706507Z  INFO tailwindcss_oxide::scanner: Reading "C:\\Users\\Pezhman\\Desktop\\pharmacy\\src\\lib\\auth\\gate-session.server.ts"
2026-09-24T09:30:35.707408Z  INFO tailwindcss_oxide::scanner: Reading "C:\\Users\\Pezhman\\Desktop\\pharmacy\\src\\lib\\utils.ts"
2026-09-24T09:30:35.707406Z  INFO tailwindcss_oxide::scanner: Reading "C:\\Users\\Pezhman\\Desktop\\pharmacy\\src\\lib\\auth\\verify.server.ts"
2026-09-24T09:30:35.707448Z  INFO tailwindcss_oxide::scanner: Reading "C:\\Users\\Pezhman\\Desktop\\pharmacy\\src\\lib\\auth\\gates.tsx"
2026-09-24T09:30:35.707406Z  INFO tailwindcss_oxide::scanner: Reading "C:\\Users\\Pezhman\\Desktop\\pharmacy\\src\\routes\\index.tsx"
2026-09-24T09:30:35.708527Z  INFO tailwindcss_oxide::scanner: Reading "C:\\Users\\Pezhman\\Desktop\\pharmacy\\src\\routes\\staff.tsx"
2026-09-24T09:30:35.708528Z  INFO tailwindcss_oxide::scanner: Reading "C:\\Users\\Pezhman\\Desktop\\pharmacy\\src\\routeTree.gen.ts"
2026-09-24T09:30:35.708527Z  INFO tailwindcss_oxide::scanner: Reading "C:\\Users\\Pezhman\\Desktop\\pharmacy\\src\\lib\\db.ts"
2026-09-24T09:30:35.708539Z  INFO tailwindcss_oxide::scanner: Reading "C:\\Users\\Pezhman\\Desktop\\pharmacy\\src\\lib\\auth\\isolation.server.ts"
2026-09-24T09:30:35.709607Z  INFO tailwindcss_oxide::scanner: Reading "C:\\Users\\Pezhman\\Desktop\\pharmacy\\src\\lib\\env.server.ts"
2026-09-24T09:30:35.709636Z  INFO tailwindcss_oxide::scanner: Reading "C:\\Users\\Pezhman\\Desktop\\pharmacy\\startup.sh"
2026-09-24T09:30:35.709654Z  INFO tailwindcss_oxide::scanner: Reading "C:\\Users\\Pezhman\\Desktop\\pharmacy\\src\\lib\\auth\\middleware.ts"
2026-09-24T09:30:35.709691Z  INFO tailwindcss_oxide::scanner: Reading "C:\\Users\\Pezhman\\Desktop\\pharmacy\\src\\routes\\__root.tsx"
2026-09-24T09:30:35.709879Z  INFO tailwindcss_oxide::scanner: Reading "C:\\Users\\Pezhman\\Desktop\\pharmacy\\vite.config.ts"
2026-09-24T09:30:35.710725Z  INFO tailwindcss_oxide::scanner: Reading "C:\\Users\\Pezhman\\Desktop\\pharmacy\\tsconfig.json"
2026-09-24T09:30:35.710726Z  INFO tailwindcss_oxide::scanner: Reading "C:\\Users\\Pezhman\\Desktop\\pharmacy\\src\\lib\\multiplayer\\index.ts"
2026-09-24T09:30:35.710725Z  INFO tailwindcss_oxide::scanner: Reading "C:\\Users\\Pezhman\\Desktop\\pharmacy\\src\\lib\\auth\\pglite-dialect.ts"
2026-09-24T09:30:35.710806Z  INFO tailwindcss_oxide::scanner: Reading "C:\\Users\\Pezhman\\Desktop\\pharmacy\\src\\lib\\error-component.tsx"
2026-09-24T09:30:35.711799Z  INFO tailwindcss_oxide::scanner: Reading "C:\\Users\\Pezhman\\Desktop\\pharmacy\\src\\lib\\auth\\popup.server.ts"
2026-09-24T09:30:35.711799Z  INFO tailwindcss_oxide::scanner: Reading "C:\\Users\\Pezhman\\Desktop\\pharmacy\\src\\lib\\multiplayer\\p2p.ts"
2026-09-24T09:30:35.711799Z  INFO tailwindcss_oxide::scanner: Reading "C:\\Users\\Pezhman\\Desktop\\pharmacy\\src\\lib\\og\\site.json"
2026-09-24T09:30:35.711953Z  INFO tailwindcss_oxide::scanner: Reading "C:\\Users\\Pezhman\\Desktop\\pharmacy\\src\\lib\\pharmacy\\catalog.ts"
2026-09-24T09:30:35.712508Z  INFO tailwindcss_oxide::scanner: Reading "C:\\Users\\Pezhman\\Desktop\\pharmacy\\src\\lib\\auth\\preview.ts"
2026-09-24T09:30:35.712631Z  INFO discover_sources: tailwindcss_oxide::scanner: exit
2026-09-24T09:30:35.712659Z  INFO extract_candidates: tailwindcss_oxide::scanner: enter
2026-09-24T09:30:35.712668Z  INFO extract_candidates:parse_all_blobs: tailwindcss_oxide::scanner: enter
2026-09-24T09:30:35.712679Z  INFO extract_candidates:parse_all_blobs:extract: tailwindcss_oxide::scanner: enter
2026-09-24T09:30:35.807524Z  INFO extract_candidates:parse_all_blobs:extract: tailwindcss_oxide::scanner: exit
2026-09-24T09:30:35.808172Z  INFO extract_candidates:parse_all_blobs: tailwindcss_oxide::scanner: exit
2026-09-24T09:30:35.808206Z  INFO extract_candidates:read_all_files: tailwindcss_oxide::scanner: enter
2026-09-24T09:30:35.808217Z  INFO extract_candidates:read_all_files: tailwindcss_oxide::scanner: Reading 2 file(s)
2026-09-24T09:30:35.809367Z  INFO tailwindcss_oxide::scanner: Reading "C:\\Users\\Pezhman\\Desktop\\pharmacy\\public\\__grok\\install\\styles.css"
2026-09-24T09:30:35.809380Z  INFO tailwindcss_oxide::scanner: Reading "C:\\Users\\Pezhman\\Desktop\\pharmacy\\src\\styles.css"
2026-09-24T09:30:35.809450Z  INFO extract_candidates:read_all_files: tailwindcss_oxide::scanner: exit
2026-09-24T09:30:35.809475Z  INFO extract_candidates:extract_css_variables: tailwindcss_oxide::scanner: enter
2026-09-24T09:30:35.809496Z  INFO extract_candidates:extract_css_variables:extract: tailwindcss_oxide::scanner: enter
2026-09-24T09:30:35.809595Z  INFO extract_candidates:extract_css_variables:extract: tailwindcss_oxide::scanner: exit
2026-09-24T09:30:35.809624Z  INFO extract_candidates:extract_css_variables: tailwindcss_oxide::scanner: exit
2026-09-24T09:30:35.810918Z  INFO extract_candidates: tailwindcss_oxide::scanner: exit
2026-09-24T09:30:35.814856Z  INFO get_files: tailwindcss_oxide::scanner: enter
2026-09-24T09:30:35.814882Z  INFO get_files:discover_sources: tailwindcss_oxide::scanner: enter
2026-09-24T09:30:35.814889Z  INFO get_files:discover_sources: tailwindcss_oxide::scanner: exit
2026-09-24T09:30:35.815009Z  INFO get_files: tailwindcss_oxide::scanner: exit
2026-09-24T09:30:35.815472Z  INFO get_globs: tailwindcss_oxide::scanner: enter
2026-09-24T09:30:35.815489Z  INFO get_globs:discover_sources: tailwindcss_oxide::scanner: enter
2026-09-24T09:30:35.815496Z  INFO get_globs:discover_sources: tailwindcss_oxide::scanner: exit
2026-09-24T09:30:35.830437Z  INFO get_globs: tailwindcss_oxide::scanner: exit
2026-09-24T09:30:40.490826Z  INFO tailwindcss_oxide::scanner: Provided sources:
2026-09-24T09:30:40.490848Z  INFO tailwindcss_oxide::scanner: Source: PublicSourceEntry { base: "C:/Users/Pezhman/Desktop/pharmacy", pattern: "**/*", negated: false }
2026-09-24T09:30:40.492020Z  INFO tailwindcss_oxide::scanner: Optimized sources:
2026-09-24T09:30:40.492038Z  INFO tailwindcss_oxide::scanner: Source: Auto { base: "C:\\Users\\Pezhman\\Desktop\\pharmacy" }
2026-09-24T09:30:40.492321Z  INFO discover_sources: tailwindcss_oxide::scanner: enter
2026-09-24T09:30:40.492338Z  INFO discover_sources:walk_synchronous: tailwindcss_oxide::scanner: enter
2026-09-24T09:30:40.511559Z  INFO discover_sources:walk_synchronous: tailwindcss_oxide::scanner: exit
2026-09-24T09:30:40.513115Z  INFO tailwindcss_oxide::scanner: Reading "C:\\Users\\Pezhman\\Desktop\\pharmacy\\.grok\\app-env.json"
2026-09-24T09:30:40.513115Z  INFO tailwindcss_oxide::scanner: Reading "C:\\Users\\Pezhman\\Desktop\\pharmacy\\scripts\\brand-check.mjs"
2026-09-24T09:30:40.513120Z  INFO tailwindcss_oxide::scanner: Reading "C:\\Users\\Pezhman\\Desktop\\pharmacy\\scripts\\migration-plan.test.mjs"
2026-09-24T09:30:40.513130Z  INFO tailwindcss_oxide::scanner: Reading "C:\\Users\\Pezhman\\Desktop\\pharmacy\\src\\components\\pharmacy\\request-form.tsx"
2026-09-24T09:30:40.514285Z  INFO tailwindcss_oxide::scanner: Reading "C:\\Users\\Pezhman\\Desktop\\pharmacy\\scripts\\preview-thumbnail.mjs"
2026-09-24T09:30:40.514285Z  INFO tailwindcss_oxide::scanner: Reading "C:\\Users\\Pezhman\\Desktop\\pharmacy\\.grok\\references\\browser-qa.md"
2026-09-24T09:30:40.514290Z  INFO tailwindcss_oxide::scanner: Reading "C:\\Users\\Pezhman\\Desktop\\pharmacy\\scripts\\brand-check.test.mjs"
2026-09-24T09:30:40.514293Z  INFO tailwindcss_oxide::scanner: Reading "C:\\Users\\Pezhman\\Desktop\\pharmacy\\src\\components\\pharmacy\\shell.tsx"
2026-09-24T09:30:40.515437Z  INFO tailwindcss_oxide::scanner: Reading "C:\\Users\\Pezhman\\Desktop\\pharmacy\\scripts\\browser-guard.mjs"
2026-09-24T09:30:40.515445Z  INFO tailwindcss_oxide::scanner: Reading "C:\\Users\\Pezhman\\Desktop\\pharmacy\\scripts\\preview.mjs"
2026-09-24T09:30:40.515471Z  INFO tailwindcss_oxide::scanner: Reading "C:\\Users\\Pezhman\\Desktop\\pharmacy\\.grok\\references\\data-and-auth.md"
2026-09-24T09:30:40.515477Z  INFO tailwindcss_oxide::scanner: Reading "C:\\Users\\Pezhman\\Desktop\\pharmacy\\src\\components\\pharmacy\\staff.tsx"
2026-09-24T09:30:40.516530Z  INFO tailwindcss_oxide::scanner: Reading "C:\\Users\\Pezhman\\Desktop\\pharmacy\\.grok\\references\\deploy-target.md"
2026-09-24T09:30:40.516545Z  INFO tailwindcss_oxide::scanner: Reading "C:\\Users\\Pezhman\\Desktop\\pharmacy\\scripts\\browser-smoke-verdict.mjs"
2026-09-24T09:30:40.516537Z  INFO tailwindcss_oxide::scanner: Reading "C:\\Users\\Pezhman\\Desktop\\pharmacy\\src\\components\\pharmacy\\tracking.tsx"
2026-09-24T09:30:40.516609Z  INFO tailwindcss_oxide::scanner: Reading "C:\\Users\\Pezhman\\Desktop\\pharmacy\\scripts\\preview.test.mjs"
2026-09-24T09:30:40.517698Z  INFO tailwindcss_oxide::scanner: Reading "C:\\Users\\Pezhman\\Desktop\\pharmacy\\.grok\\references\\generated-art.md"
2026-09-24T09:30:40.517761Z  INFO tailwindcss_oxide::scanner: Reading "C:\\Users\\Pezhman\\Desktop\\pharmacy\\src\\components\\preview-host-bridge.tsx"
2026-09-24T09:30:40.517864Z  INFO tailwindcss_oxide::scanner: Reading "C:\\Users\\Pezhman\\Desktop\\pharmacy\\scripts\\browser-smoke-verdict.test.mjs"
2026-09-24T09:30:40.517889Z  INFO tailwindcss_oxide::scanner: Reading "C:\\Users\\Pezhman\\Desktop\\pharmacy\\scripts\\sign-out-plan.mjs"
2026-09-24T09:30:40.518829Z  INFO tailwindcss_oxide::scanner: Reading "C:\\Users\\Pezhman\\Desktop\\pharmacy\\scripts\\sign-out-plan.test.mjs"
2026-09-24T09:30:40.518829Z  INFO tailwindcss_oxide::scanner: Reading "C:\\Users\\Pezhman\\Desktop\\pharmacy\\.grok\\references\\hibernate-revive.md"
2026-09-24T09:30:40.518834Z  INFO tailwindcss_oxide::scanner: Reading "C:\\Users\\Pezhman\\Desktop\\pharmacy\\src\\components\\ui\\button.tsx"
2026-09-24T09:30:40.518997Z  INFO tailwindcss_oxide::scanner: Reading "C:\\Users\\Pezhman\\Desktop\\pharmacy\\scripts\\browser-smoke.mjs"
2026-09-24T09:30:40.519906Z  INFO tailwindcss_oxide::scanner: Reading "C:\\Users\\Pezhman\\Desktop\\pharmacy\\.grok\\references\\scaffold.md"
2026-09-24T09:30:40.519912Z  INFO tailwindcss_oxide::scanner: Reading "C:\\Users\\Pezhman\\Desktop\\pharmacy\\src\\components\\ui\\card.tsx"
2026-09-24T09:30:40.519928Z  INFO tailwindcss_oxide::scanner: Reading "C:\\Users\\Pezhman\\Desktop\\pharmacy\\scripts\\with-app-env.mjs"
2026-09-24T09:30:40.519975Z  INFO tailwindcss_oxide::scanner: Reading "C:\\Users\\Pezhman\\Desktop\\pharmacy\\scripts\\check-auth-invariant.mjs"
2026-09-24T09:30:40.520969Z  INFO tailwindcss_oxide::scanner: Reading "C:\\Users\\Pezhman\\Desktop\\pharmacy\\.grok\\status"
2026-09-24T09:30:40.521031Z  INFO tailwindcss_oxide::scanner: Reading "C:\\Users\\Pezhman\\Desktop\\pharmacy\\scripts\\with-app-env.test.mjs"
2026-09-24T09:30:40.522167Z  INFO tailwindcss_oxide::scanner: Reading "C:\\Users\\Pezhman\\Desktop\\pharmacy\\scripts\\write-atomic.mjs"
2026-09-24T09:30:40.522167Z  INFO tailwindcss_oxide::scanner: Reading "C:\\Users\\Pezhman\\Desktop\\pharmacy\\.prettierrc"
2026-09-24T09:30:40.522178Z  INFO tailwindcss_oxide::scanner: Reading "C:\\Users\\Pezhman\\Desktop\\pharmacy\\src\\components\\ui\\input.tsx"
2026-09-24T09:30:40.522463Z  INFO tailwindcss_oxide::scanner: Reading "C:\\Users\\Pezhman\\Desktop\\pharmacy\\scripts\\check-auth-invariant.test.mjs"
2026-09-24T09:30:40.523644Z  INFO tailwindcss_oxide::scanner: Reading "C:\\Users\\Pezhman\\Desktop\\pharmacy\\AGENTS.md"
2026-09-24T09:30:40.523675Z  INFO tailwindcss_oxide::scanner: Reading "C:\\Users\\Pezhman\\Desktop\\pharmacy\\scripts\\grok-pwa-plugin.mjs"
2026-09-24T09:30:40.523681Z  INFO tailwindcss_oxide::scanner: Reading "C:\\Users\\Pezhman\\Desktop\\pharmacy\\src\\lib\\app-data\\app-data.test.ts"
2026-09-24T09:30:40.523644Z  INFO tailwindcss_oxide::scanner: Reading "C:\\Users\\Pezhman\\Desktop\\pharmacy\\scripts\\write-atomic.test.mjs"
2026-09-24T09:30:40.523946Z  INFO tailwindcss_oxide::scanner: Reading "C:\\Users\\Pezhman\\Desktop\\pharmacy\\build-error.txt"
2026-09-24T09:30:40.524794Z  INFO tailwindcss_oxide::scanner: Reading "C:\\Users\\Pezhman\\Desktop\\pharmacy\\dist\\assets\\index-QBFBENaV.js"
2026-09-24T09:30:40.524985Z  INFO tailwindcss_oxide::scanner: Reading "C:\\Users\\Pezhman\\Desktop\\pharmacy\\dist\\assets\\routes-xxmv-fyE.js"
2026-09-24T09:30:40.525173Z  INFO tailwindcss_oxide::scanner: Reading "C:\\Users\\Pezhman\\Desktop\\pharmacy\\dist\\assets\\shell-DVVin3Ky.js"
2026-09-24T09:30:40.525238Z  INFO tailwindcss_oxide::scanner: Reading "C:\\Users\\Pezhman\\Desktop\\pharmacy\\src\\lib\\app-data\\client.server.ts"
2026-09-24T09:30:40.525238Z  INFO tailwindcss_oxide::scanner: Reading "C:\\Users\\Pezhman\\Desktop\\pharmacy\\server\\middleware\\grok-pwa.ts"
2026-09-24T09:30:40.525242Z  INFO tailwindcss_oxide::scanner: Reading "C:\\Users\\Pezhman\\Desktop\\pharmacy\\scripts\\grok-pwa-plugin.test.mjs"
2026-09-24T09:30:40.525330Z  INFO tailwindcss_oxide::scanner: Reading "C:\\Users\\Pezhman\\Desktop\\pharmacy\\dist\\assets\\staff-C89FFJSA.js"
2026-09-24T09:30:40.526405Z  INFO tailwindcss_oxide::scanner: Reading "C:\\Users\\Pezhman\\Desktop\\pharmacy\\src\\lib\\app-data\\errors.ts"
2026-09-24T09:30:40.526405Z  INFO tailwindcss_oxide::scanner: Reading "C:\\Users\\Pezhman\\Desktop\\pharmacy\\scripts\\grok-pwa-shared.d.mts"
2026-09-24T09:30:40.526405Z  INFO tailwindcss_oxide::scanner: Reading "C:\\Users\\Pezhman\\Desktop\\pharmacy\\server\\virtual-grok-og-identity.d.ts"
2026-09-24T09:30:40.526405Z  INFO tailwindcss_oxide::scanner: Reading "C:\\Users\\Pezhman\\Desktop\\pharmacy\\eslint.config.mjs"
2026-09-24T09:30:40.527515Z  INFO tailwindcss_oxide::scanner: Reading "C:\\Users\\Pezhman\\Desktop\\pharmacy\\migrations\\auth\\0001_auth.sql"
2026-09-24T09:30:40.527518Z  INFO tailwindcss_oxide::scanner: Reading "C:\\Users\\Pezhman\\Desktop\\pharmacy\\scripts\\grok-pwa-shared.mjs"
2026-09-24T09:30:40.527527Z  INFO tailwindcss_oxide::scanner: Reading "C:\\Users\\Pezhman\\Desktop\\pharmacy\\src\\components\\pharmacy\\background-layer.tsx"
2026-09-24T09:30:40.527588Z  INFO tailwindcss_oxide::scanner: Reading "C:\\Users\\Pezhman\\Desktop\\pharmacy\\src\\lib\\app-data\\index.ts"
2026-09-24T09:30:40.528592Z  INFO tailwindcss_oxide::scanner: Reading "C:\\Users\\Pezhman\\Desktop\\pharmacy\\scripts\\install-page.html"
2026-09-24T09:30:40.528598Z  INFO tailwindcss_oxide::scanner: Reading "C:\\Users\\Pezhman\\Desktop\\pharmacy\\src\\components\\pharmacy\\home.tsx"
2026-09-24T09:30:40.528660Z  INFO tailwindcss_oxide::scanner: Reading "C:\\Users\\Pezhman\\Desktop\\pharmacy\\src\\lib\\app-data\\login.ts"
2026-09-24T09:30:40.529737Z  INFO tailwindcss_oxide::scanner: Reading "C:\\Users\\Pezhman\\Desktop\\pharmacy\\scripts\\migrate.mjs"
2026-09-24T09:30:40.529774Z  INFO tailwindcss_oxide::scanner: Reading "C:\\Users\\Pezhman\\Desktop\\pharmacy\\src\\lib\\app-data\\readiness-schedule.test.ts"
2026-09-24T09:30:40.529736Z  INFO tailwindcss_oxide::scanner: Reading "C:\\Users\\Pezhman\\Desktop\\pharmacy\\src\\components\\pharmacy\\photo-picker.tsx"
2026-09-24T09:30:40.531215Z  INFO tailwindcss_oxide::scanner: Reading "C:\\Users\\Pezhman\\Desktop\\pharmacy\\public\\__grok\\install\\assets\\homescreen\\glass-puzzle.svg"
2026-09-24T09:30:40.531215Z  INFO tailwindcss_oxide::scanner: Reading "C:\\Users\\Pezhman\\Desktop\\pharmacy\\scripts\\migration-plan.mjs"
2026-09-24T09:30:40.531260Z  INFO tailwindcss_oxide::scanner: Reading "C:\\Users\\Pezhman\\Desktop\\pharmacy\\src\\lib\\app-data\\readiness-schedule.ts"
2026-09-24T09:30:40.531450Z  INFO tailwindcss_oxide::scanner: Reading "C:\\Users\\Pezhman\\Desktop\\pharmacy\\netlify.toml"
2026-09-24T09:30:40.531605Z  INFO tailwindcss_oxide::scanner: Reading "C:\\Users\\Pezhman\\Desktop\\pharmacy\\package.json"
2026-09-24T09:30:40.532031Z  INFO tailwindcss_oxide::scanner: Reading "C:\\Users\\Pezhman\\Desktop\\pharmacy\\netlify-error.txt"
2026-09-24T09:30:40.532196Z  INFO tailwindcss_oxide::scanner: Reading "C:\\Users\\Pezhman\\Desktop\\pharmacy\\public\\sw.js"
2026-09-24T09:30:40.532299Z  INFO tailwindcss_oxide::scanner: Reading "C:\\Users\\Pezhman\\Desktop\\pharmacy\\screenshots\\.gitkeep"
2026-09-24T09:30:40.532475Z  INFO tailwindcss_oxide::scanner: Reading "C:\\Users\\Pezhman\\Desktop\\pharmacy\\public\\__grok\\install\\assets\\homescreen\\glass-share.svg"
2026-09-24T09:30:40.532830Z  INFO tailwindcss_oxide::scanner: Reading "C:\\Users\\Pezhman\\Desktop\\pharmacy\\src\\lib\\app-data\\readiness.ts"
2026-09-24T09:30:40.533348Z  INFO tailwindcss_oxide::scanner: Reading "C:\\Users\\Pezhman\\Desktop\\pharmacy\\screenshots\\app-builder-built.json"
2026-09-24T09:30:40.533383Z  INFO tailwindcss_oxide::scanner: Reading "C:\\Users\\Pezhman\\Desktop\\pharmacy\\public\\favicon.svg"
2026-09-24T09:30:40.533446Z  INFO tailwindcss_oxide::scanner: Reading "C:\\Users\\Pezhman\\Desktop\\pharmacy\\public\\__grok\\install\\assets\\homescreen\\logo-grok.svg"
2026-09-24T09:30:40.533954Z  INFO tailwindcss_oxide::scanner: Reading "C:\\Users\\Pezhman\\Desktop\\pharmacy\\src\\lib\\app-data\\server-only.ts"
2026-09-24T09:30:40.534332Z  INFO tailwindcss_oxide::scanner: Reading "C:\\Users\\Pezhman\\Desktop\\pharmacy\\public\\__grok\\install\\assets\\homescreen\\plus.svg"
2026-09-24T09:30:40.534404Z  INFO tailwindcss_oxide::scanner: Reading "C:\\Users\\Pezhman\\Desktop\\pharmacy\\screenshots\\app-builder-preview.json"
2026-09-24T09:30:40.534443Z  INFO tailwindcss_oxide::scanner: Reading "C:\\Users\\Pezhman\\Desktop\\pharmacy\\scripts\\app-env-plugin.mjs"
2026-09-24T09:30:40.535060Z  INFO tailwindcss_oxide::scanner: Reading "C:\\Users\\Pezhman\\Desktop\\pharmacy\\src\\lib\\app-data\\types.ts"
2026-09-24T09:30:40.535192Z  INFO tailwindcss_oxide::scanner: Reading "C:\\Users\\Pezhman\\Desktop\\pharmacy\\src\\lib\\auth\\preview.ts"
2026-09-24T09:30:40.535315Z  INFO tailwindcss_oxide::scanner: Reading "C:\\Users\\Pezhman\\Desktop\\pharmacy\\src\\lib\\auth\\gate-identity.test.ts"
2026-09-24T09:30:40.535498Z  INFO tailwindcss_oxide::scanner: Reading "C:\\Users\\Pezhman\\Desktop\\pharmacy\\src\\lib\\app-data\\use-connector-readiness.ts"
2026-09-24T09:30:40.536038Z  INFO tailwindcss_oxide::scanner: Reading "C:\\Users\\Pezhman\\Desktop\\pharmacy\\src\\lib\\auth\\provider.tsx"
2026-09-24T09:30:40.536151Z  INFO tailwindcss_oxide::scanner: Reading "C:\\Users\\Pezhman\\Desktop\\pharmacy\\src\\lib\\auth\\gate-session-marker.ts"
2026-09-24T09:30:40.536208Z  INFO tailwindcss_oxide::scanner: Reading "C:\\Users\\Pezhman\\Desktop\\pharmacy\\src\\lib\\pharmacy\\photos.ts"
2026-09-24T09:30:40.536531Z  INFO tailwindcss_oxide::scanner: Reading "C:\\Users\\Pezhman\\Desktop\\pharmacy\\src\\lib\\auth\\client.ts"
2026-09-24T09:30:40.536944Z  INFO tailwindcss_oxide::scanner: Reading "C:\\Users\\Pezhman\\Desktop\\pharmacy\\src\\lib\\auth\\providers.ts"
2026-09-24T09:30:40.537013Z  INFO tailwindcss_oxide::scanner: Reading "C:\\Users\\Pezhman\\Desktop\\pharmacy\\src\\lib\\auth\\gate-session.server.ts"
2026-09-24T09:30:40.537332Z  INFO tailwindcss_oxide::scanner: Reading "C:\\Users\\Pezhman\\Desktop\\pharmacy\\src\\lib\\pharmacy\\store.ts"
2026-09-24T09:30:40.537536Z  INFO tailwindcss_oxide::scanner: Reading "C:\\Users\\Pezhman\\Desktop\\pharmacy\\src\\lib\\auth\\email-password.ts"
2026-09-24T09:30:40.537804Z  INFO tailwindcss_oxide::scanner: Reading "C:\\Users\\Pezhman\\Desktop\\pharmacy\\src\\lib\\auth\\server.ts"
2026-09-24T09:30:40.537936Z  INFO tailwindcss_oxide::scanner: Reading "C:\\Users\\Pezhman\\Desktop\\pharmacy\\src\\lib\\auth\\gates.tsx"
2026-09-24T09:30:40.538462Z  INFO tailwindcss_oxide::scanner: Reading "C:\\Users\\Pezhman\\Desktop\\pharmacy\\src\\lib\\auth\\gate-identity.server.ts"
2026-09-24T09:30:40.538462Z  INFO tailwindcss_oxide::scanner: Reading "C:\\Users\\Pezhman\\Desktop\\pharmacy\\src\\lib\\pharmacy\\types.ts"
2026-09-24T09:30:40.538655Z  INFO tailwindcss_oxide::scanner: Reading "C:\\Users\\Pezhman\\Desktop\\pharmacy\\src\\lib\\auth\\sign-in-gate.test.ts"
2026-09-24T09:30:40.538746Z  INFO tailwindcss_oxide::scanner: Reading "C:\\Users\\Pezhman\\Desktop\\pharmacy\\src\\lib\\auth\\isolation.server.ts"
2026-09-24T09:30:40.539372Z  INFO tailwindcss_oxide::scanner: Reading "C:\\Users\\Pezhman\\Desktop\\pharmacy\\src\\lib\\pharmacy\\validate.ts"
2026-09-24T09:30:40.539474Z  INFO tailwindcss_oxide::scanner: Reading "C:\\Users\\Pezhman\\Desktop\\pharmacy\\src\\lib\\auth\\sign-in-gate.ts"
2026-09-24T09:30:40.539561Z  INFO tailwindcss_oxide::scanner: Reading "C:\\Users\\Pezhman\\Desktop\\pharmacy\\src\\lib\\auth\\middleware.ts"
2026-09-24T09:30:40.539794Z  INFO tailwindcss_oxide::scanner: Reading "C:\\Users\\Pezhman\\Desktop\\pharmacy\\src\\router.tsx"
2026-09-24T09:30:40.540290Z  INFO tailwindcss_oxide::scanner: Reading "C:\\Users\\Pezhman\\Desktop\\pharmacy\\src\\lib\\preview-embedder-origin.ts"
2026-09-24T09:30:40.540335Z  INFO tailwindcss_oxide::scanner: Reading "C:\\Users\\Pezhman\\Desktop\\pharmacy\\src\\lib\\auth\\use-current-user.ts"
2026-09-24T09:30:40.540440Z  INFO tailwindcss_oxide::scanner: Reading "C:\\Users\\Pezhman\\Desktop\\pharmacy\\src\\lib\\auth\\pglite-dialect.ts"
2026-09-24T09:30:40.541236Z  INFO tailwindcss_oxide::scanner: Reading "C:\\Users\\Pezhman\\Desktop\\pharmacy\\src\\lib\\auth\\verify.server.ts"
2026-09-24T09:30:40.541302Z  INFO tailwindcss_oxide::scanner: Reading "C:\\Users\\Pezhman\\Desktop\\pharmacy\\src\\lib\\auth\\popup.server.ts"
2026-09-24T09:30:40.541529Z  INFO tailwindcss_oxide::scanner: Reading "C:\\Users\\Pezhman\\Desktop\\pharmacy\\src\\lib\\preview-host-bridge.ts"
2026-09-24T09:30:40.542506Z  INFO tailwindcss_oxide::scanner: Reading "C:\\Users\\Pezhman\\Desktop\\pharmacy\\src\\lib\\db.ts"
2026-09-24T09:30:40.542542Z  INFO tailwindcss_oxide::scanner: Reading "C:\\Users\\Pezhman\\Desktop\\pharmacy\\src\\routeTree.gen.ts"
2026-09-24T09:30:40.542651Z  INFO tailwindcss_oxide::scanner: Reading "C:\\Users\\Pezhman\\Desktop\\pharmacy\\src\\lib\\utils.ts"
2026-09-24T09:30:40.542686Z  INFO tailwindcss_oxide::scanner: Reading "C:\\Users\\Pezhman\\Desktop\\pharmacy\\src\\routes\\index.tsx"
2026-09-24T09:30:40.543551Z  INFO tailwindcss_oxide::scanner: Reading "C:\\Users\\Pezhman\\Desktop\\pharmacy\\src\\lib\\multiplayer\\index.ts"
2026-09-24T09:30:40.543551Z  INFO tailwindcss_oxide::scanner: Reading "C:\\Users\\Pezhman\\Desktop\\pharmacy\\startup.sh"
2026-09-24T09:30:40.543552Z  INFO tailwindcss_oxide::scanner: Reading "C:\\Users\\Pezhman\\Desktop\\pharmacy\\src\\lib\\env.server.ts"
2026-09-24T09:30:40.543914Z  INFO tailwindcss_oxide::scanner: Reading "C:\\Users\\Pezhman\\Desktop\\pharmacy\\src\\routes\\staff.tsx"
2026-09-24T09:30:40.544514Z  INFO tailwindcss_oxide::scanner: Reading "C:\\Users\\Pezhman\\Desktop\\pharmacy\\src\\lib\\multiplayer\\p2p.ts"
2026-09-24T09:30:40.544542Z  INFO tailwindcss_oxide::scanner: Reading "C:\\Users\\Pezhman\\Desktop\\pharmacy\\tsconfig.json"
2026-09-24T09:30:40.544551Z  INFO tailwindcss_oxide::scanner: Reading "C:\\Users\\Pezhman\\Desktop\\pharmacy\\src\\lib\\error-component.tsx"
2026-09-24T09:30:40.544720Z  INFO tailwindcss_oxide::scanner: Reading "C:\\Users\\Pezhman\\Desktop\\pharmacy\\vite.config.ts"
2026-09-24T09:30:40.544933Z  INFO tailwindcss_oxide::scanner: Reading "C:\\Users\\Pezhman\\Desktop\\pharmacy\\src\\routes\\__root.tsx"
2026-09-24T09:30:40.545375Z  INFO tailwindcss_oxide::scanner: Reading "C:\\Users\\Pezhman\\Desktop\\pharmacy\\src\\lib\\og\\site.json"
2026-09-24T09:30:40.545378Z  INFO tailwindcss_oxide::scanner: Reading "C:\\Users\\Pezhman\\Desktop\\pharmacy\\src\\lib\\pharmacy\\catalog.ts"
2026-09-24T09:30:40.545504Z  INFO discover_sources: tailwindcss_oxide::scanner: exit
2026-09-24T09:30:40.545532Z  INFO extract_candidates: tailwindcss_oxide::scanner: enter
2026-09-24T09:30:40.545544Z  INFO extract_candidates:parse_all_blobs: tailwindcss_oxide::scanner: enter
2026-09-24T09:30:40.545556Z  INFO extract_candidates:parse_all_blobs:extract: tailwindcss_oxide::scanner: enter
2026-09-24T09:30:40.657014Z  INFO extract_candidates:parse_all_blobs:extract: tailwindcss_oxide::scanner: exit
2026-09-24T09:30:40.657621Z  INFO extract_candidates:parse_all_blobs: tailwindcss_oxide::scanner: exit
2026-09-24T09:30:40.657645Z  INFO extract_candidates:read_all_files: tailwindcss_oxide::scanner: enter
2026-09-24T09:30:40.657655Z  INFO extract_candidates:read_all_files: tailwindcss_oxide::scanner: Reading 3 file(s)
2026-09-24T09:30:40.658950Z  INFO tailwindcss_oxide::scanner: Reading "C:\\Users\\Pezhman\\Desktop\\pharmacy\\public\\__grok\\install\\styles.css"
2026-09-24T09:30:40.658959Z  INFO tailwindcss_oxide::scanner: Reading "C:\\Users\\Pezhman\\Desktop\\pharmacy\\src\\styles.css"
2026-09-24T09:30:40.658961Z  INFO tailwindcss_oxide::scanner: Reading "C:\\Users\\Pezhman\\Desktop\\pharmacy\\dist\\assets\\styles-Dx0h8_kk.css"
2026-09-24T09:30:40.659052Z  INFO extract_candidates:read_all_files: tailwindcss_oxide::scanner: exit
2026-09-24T09:30:40.659076Z  INFO extract_candidates:extract_css_variables: tailwindcss_oxide::scanner: enter
2026-09-24T09:30:40.659089Z  INFO extract_candidates:extract_css_variables:extract: tailwindcss_oxide::scanner: enter
2026-09-24T09:30:40.659284Z  INFO extract_candidates:extract_css_variables:extract: tailwindcss_oxide::scanner: exit
2026-09-24T09:30:40.659302Z  INFO extract_candidates:extract_css_variables: tailwindcss_oxide::scanner: exit
2026-09-24T09:30:40.661157Z  INFO extract_candidates: tailwindcss_oxide::scanner: exit
2026-09-24T09:30:40.666325Z  INFO get_files: tailwindcss_oxide::scanner: enter
2026-09-24T09:30:40.666355Z  INFO get_files:discover_sources: tailwindcss_oxide::scanner: enter
2026-09-24T09:30:40.666363Z  INFO get_files:discover_sources: tailwindcss_oxide::scanner: exit
2026-09-24T09:30:40.666471Z  INFO get_files: tailwindcss_oxide::scanner: exit
2026-09-24T09:30:40.666827Z  INFO get_globs: tailwindcss_oxide::scanner: enter
2026-09-24T09:30:40.666842Z  INFO get_globs:discover_sources: tailwindcss_oxide::scanner: enter
2026-09-24T09:30:40.666850Z  INFO get_globs:discover_sources: tailwindcss_oxide::scanner: exit
2026-09-24T09:30:40.681591Z  INFO get_globs: tailwindcss_oxide::scanner: exit
