2026-09-24T09:34:01.168701Z  INFO tailwindcss_oxide::scanner: Provided sources:
2026-09-24T09:34:01.168849Z  INFO tailwindcss_oxide::scanner: Source: PublicSourceEntry { base: "C:/Users/Pezhman/Desktop/pharmacy", pattern: "**/*", negated: false }
2026-09-24T09:34:01.170875Z  INFO tailwindcss_oxide::scanner: Optimized sources:
2026-09-24T09:34:01.170941Z  INFO tailwindcss_oxide::scanner: Source: Auto { base: "C:\\Users\\Pezhman\\Desktop\\pharmacy" }
2026-09-24T09:34:01.178290Z  INFO discover_sources: tailwindcss_oxide::scanner: enter
2026-09-24T09:34:01.178400Z  INFO discover_sources:walk_synchronous: tailwindcss_oxide::scanner: enter
2026-09-24T09:34:01.219527Z  INFO discover_sources:walk_synchronous: tailwindcss_oxide::scanner: exit
2026-09-24T09:34:01.230999Z  INFO tailwindcss_oxide::scanner: Reading "C:\\Users\\Pezhman\\Desktop\\pharmacy\\.grok\\app-env.json"
2026-09-24T09:34:01.232302Z  INFO tailwindcss_oxide::scanner: Reading "C:\\Users\\Pezhman\\Desktop\\pharmacy\\.grok\\references\\browser-qa.md"
2026-09-24T09:34:01.233782Z  INFO tailwindcss_oxide::scanner: Reading "C:\\Users\\Pezhman\\Desktop\\pharmacy\\src\\components\\pharmacy\\shell.tsx"
2026-09-24T09:34:01.234840Z  INFO tailwindcss_oxide::scanner: Reading "C:\\Users\\Pezhman\\Desktop\\pharmacy\\src\\components\\pharmacy\\staff.tsx"
2026-09-24T09:34:01.235850Z  INFO tailwindcss_oxide::scanner: Reading "C:\\Users\\Pezhman\\Desktop\\pharmacy\\src\\components\\pharmacy\\tracking.tsx"
2026-09-24T09:34:01.236560Z  INFO tailwindcss_oxide::scanner: Reading "C:\\Users\\Pezhman\\Desktop\\pharmacy\\.grok\\references\\data-and-auth.md"
2026-09-24T09:34:01.236793Z  INFO tailwindcss_oxide::scanner: Reading "C:\\Users\\Pezhman\\Desktop\\pharmacy\\src\\components\\preview-host-bridge.tsx"
2026-09-24T09:34:01.237956Z  INFO tailwindcss_oxide::scanner: Reading "C:\\Users\\Pezhman\\Desktop\\pharmacy\\src\\components\\ui\\button.tsx"
2026-09-24T09:34:01.238461Z  INFO tailwindcss_oxide::scanner: Reading "C:\\Users\\Pezhman\\Desktop\\pharmacy\\scripts\\browser-guard.mjs"
2026-09-24T09:34:01.238538Z  INFO tailwindcss_oxide::scanner: Reading "C:\\Users\\Pezhman\\Desktop\\pharmacy\\scripts\\preview-thumbnail.mjs"
2026-09-24T09:34:01.239071Z  INFO tailwindcss_oxide::scanner: Reading "C:\\Users\\Pezhman\\Desktop\\pharmacy\\src\\components\\ui\\card.tsx"
2026-09-24T09:34:01.239837Z  INFO tailwindcss_oxide::scanner: Reading "C:\\Users\\Pezhman\\Desktop\\pharmacy\\scripts\\preview.mjs"
2026-09-24T09:34:01.239837Z  INFO tailwindcss_oxide::scanner: Reading "C:\\Users\\Pezhman\\Desktop\\pharmacy\\scripts\\browser-smoke-verdict.mjs"
2026-09-24T09:34:01.240245Z  INFO tailwindcss_oxide::scanner: Reading "C:\\Users\\Pezhman\\Desktop\\pharmacy\\src\\components\\ui\\input.tsx"
2026-09-24T09:34:01.240993Z  INFO tailwindcss_oxide::scanner: Reading "C:\\Users\\Pezhman\\Desktop\\pharmacy\\scripts\\preview.test.mjs"
2026-09-24T09:34:01.241211Z  INFO tailwindcss_oxide::scanner: Reading "C:\\Users\\Pezhman\\Desktop\\pharmacy\\scripts\\browser-smoke-verdict.test.mjs"
2026-09-24T09:34:01.241745Z  INFO tailwindcss_oxide::scanner: Reading "C:\\Users\\Pezhman\\Desktop\\pharmacy\\src\\lib\\app-data\\app-data.test.ts"
2026-09-24T09:34:01.242179Z  INFO tailwindcss_oxide::scanner: Reading "C:\\Users\\Pezhman\\Desktop\\pharmacy\\scripts\\browser-smoke.mjs"
2026-09-24T09:34:01.242560Z  INFO tailwindcss_oxide::scanner: Reading "C:\\Users\\Pezhman\\Desktop\\pharmacy\\scripts\\sign-out-plan.mjs"
2026-09-24T09:34:01.242745Z  INFO tailwindcss_oxide::scanner: Reading "C:\\Users\\Pezhman\\Desktop\\pharmacy\\src\\lib\\app-data\\client.server.ts"
2026-09-24T09:34:01.243246Z  INFO tailwindcss_oxide::scanner: Reading "C:\\Users\\Pezhman\\Desktop\\pharmacy\\scripts\\check-auth-invariant.mjs"
2026-09-24T09:34:01.243752Z  INFO tailwindcss_oxide::scanner: Reading "C:\\Users\\Pezhman\\Desktop\\pharmacy\\src\\lib\\app-data\\errors.ts"
2026-09-24T09:34:01.243752Z  INFO tailwindcss_oxide::scanner: Reading "C:\\Users\\Pezhman\\Desktop\\pharmacy\\scripts\\sign-out-plan.test.mjs"
2026-09-24T09:34:01.244300Z  INFO tailwindcss_oxide::scanner: Reading "C:\\Users\\Pezhman\\Desktop\\pharmacy\\scripts\\check-auth-invariant.test.mjs"
2026-09-24T09:34:01.245422Z  INFO tailwindcss_oxide::scanner: Reading "C:\\Users\\Pezhman\\Desktop\\pharmacy\\scripts\\with-app-env.mjs"
2026-09-24T09:34:01.245666Z  INFO tailwindcss_oxide::scanner: Reading "C:\\Users\\Pezhman\\Desktop\\pharmacy\\src\\lib\\app-data\\index.ts"
2026-09-24T09:34:01.246683Z  INFO tailwindcss_oxide::scanner: Reading "C:\\Users\\Pezhman\\Desktop\\pharmacy\\src\\lib\\app-data\\login.ts"
2026-09-24T09:34:01.247710Z  INFO tailwindcss_oxide::scanner: Reading "C:\\Users\\Pezhman\\Desktop\\pharmacy\\src\\lib\\app-data\\readiness-schedule.test.ts"
2026-09-24T09:34:01.248918Z  INFO tailwindcss_oxide::scanner: Reading "C:\\Users\\Pezhman\\Desktop\\pharmacy\\src\\lib\\app-data\\readiness-schedule.ts"
2026-09-24T09:34:01.249160Z  INFO tailwindcss_oxide::scanner: Reading "C:\\Users\\Pezhman\\Desktop\\pharmacy\\scripts\\grok-pwa-plugin.mjs"
2026-09-24T09:34:01.250227Z  INFO tailwindcss_oxide::scanner: Reading "C:\\Users\\Pezhman\\Desktop\\pharmacy\\scripts\\with-app-env.test.mjs"
2026-09-24T09:34:01.251283Z  INFO tailwindcss_oxide::scanner: Reading "C:\\Users\\Pezhman\\Desktop\\pharmacy\\scripts\\write-atomic.mjs"
2026-09-24T09:34:01.252379Z  INFO tailwindcss_oxide::scanner: Reading "C:\\Users\\Pezhman\\Desktop\\pharmacy\\src\\lib\\app-data\\readiness.ts"
2026-09-24T09:34:01.252421Z  INFO tailwindcss_oxide::scanner: Reading "C:\\Users\\Pezhman\\Desktop\\pharmacy\\scripts\\grok-pwa-plugin.test.mjs"
2026-09-24T09:34:01.253322Z  INFO tailwindcss_oxide::scanner: Reading "C:\\Users\\Pezhman\\Desktop\\pharmacy\\scripts\\write-atomic.test.mjs"
2026-09-24T09:34:01.253361Z  INFO tailwindcss_oxide::scanner: Reading "C:\\Users\\Pezhman\\Desktop\\pharmacy\\scripts\\grok-pwa-shared.d.mts"
2026-09-24T09:34:01.253406Z  INFO tailwindcss_oxide::scanner: Reading "C:\\Users\\Pezhman\\Desktop\\pharmacy\\src\\lib\\app-data\\server-only.ts"
2026-09-24T09:34:01.254319Z  INFO tailwindcss_oxide::scanner: Reading "C:\\Users\\Pezhman\\Desktop\\pharmacy\\scripts\\grok-pwa-shared.mjs"
2026-09-24T09:34:01.254361Z  INFO tailwindcss_oxide::scanner: Reading "C:\\Users\\Pezhman\\Desktop\\pharmacy\\src\\lib\\app-data\\types.ts"
2026-09-24T09:34:01.254385Z  INFO tailwindcss_oxide::scanner: Reading "C:\\Users\\Pezhman\\Desktop\\pharmacy\\server\\middleware\\grok-pwa.ts"
2026-09-24T09:34:01.254926Z  INFO tailwindcss_oxide::scanner: Reading "C:\\Users\\Pezhman\\Desktop\\pharmacy\\.grok\\references\\deploy-target.md"
2026-09-24T09:34:01.255480Z  INFO tailwindcss_oxide::scanner: Reading "C:\\Users\\Pezhman\\Desktop\\pharmacy\\scripts\\install-page.html"
2026-09-24T09:34:01.255478Z  INFO tailwindcss_oxide::scanner: Reading "C:\\Users\\Pezhman\\Desktop\\pharmacy\\server\\virtual-grok-og-identity.d.ts"
2026-09-24T09:34:01.255483Z  INFO tailwindcss_oxide::scanner: Reading "C:\\Users\\Pezhman\\Desktop\\pharmacy\\src\\lib\\app-data\\use-connector-readiness.ts"
2026-09-24T09:34:01.256495Z  INFO tailwindcss_oxide::scanner: Reading "C:\\Users\\Pezhman\\Desktop\\pharmacy\\src\\lib\\auth\\client.ts"
2026-09-24T09:34:01.256556Z  INFO tailwindcss_oxide::scanner: Reading "C:\\Users\\Pezhman\\Desktop\\pharmacy\\scripts\\migrate.mjs"
2026-09-24T09:34:01.256562Z  INFO tailwindcss_oxide::scanner: Reading "C:\\Users\\Pezhman\\Desktop\\pharmacy\\src\\components\\pharmacy\\background-layer.tsx"
2026-09-24T09:34:01.257622Z  INFO tailwindcss_oxide::scanner: Reading "C:\\Users\\Pezhman\\Desktop\\pharmacy\\src\\lib\\auth\\email-password.ts"
2026-09-24T09:34:01.257629Z  INFO tailwindcss_oxide::scanner: Reading "C:\\Users\\Pezhman\\Desktop\\pharmacy\\src\\components\\pharmacy\\home.tsx"
2026-09-24T09:34:01.258772Z  INFO tailwindcss_oxide::scanner: Reading "C:\\Users\\Pezhman\\Desktop\\pharmacy\\src\\components\\pharmacy\\photo-picker.tsx"
2026-09-24T09:34:01.258772Z  INFO tailwindcss_oxide::scanner: Reading "C:\\Users\\Pezhman\\Desktop\\pharmacy\\src\\lib\\auth\\gate-identity.server.ts"
2026-09-24T09:34:01.259853Z  INFO tailwindcss_oxide::scanner: Reading "C:\\Users\\Pezhman\\Desktop\\pharmacy\\src\\lib\\auth\\gate-identity.test.ts"
2026-09-24T09:34:01.260164Z  INFO tailwindcss_oxide::scanner: Reading "C:\\Users\\Pezhman\\Desktop\\pharmacy\\.grok\\references\\generated-art.md"
2026-09-24T09:34:01.261024Z  INFO tailwindcss_oxide::scanner: Reading "C:\\Users\\Pezhman\\Desktop\\pharmacy\\src\\lib\\auth\\gate-session-marker.ts"
2026-09-24T09:34:01.261542Z  INFO tailwindcss_oxide::scanner: Reading "C:\\Users\\Pezhman\\Desktop\\pharmacy\\scripts\\migration-plan.mjs"
2026-09-24T09:34:01.262013Z  INFO tailwindcss_oxide::scanner: Reading "C:\\Users\\Pezhman\\Desktop\\pharmacy\\src\\lib\\auth\\gate-session.server.ts"
2026-09-24T09:34:01.262642Z  INFO tailwindcss_oxide::scanner: Reading "C:\\Users\\Pezhman\\Desktop\\pharmacy\\.grok\\references\\hibernate-revive.md"
2026-09-24T09:34:01.262941Z  INFO tailwindcss_oxide::scanner: Reading "C:\\Users\\Pezhman\\Desktop\\pharmacy\\src\\lib\\auth\\gates.tsx"
2026-09-24T09:34:01.263878Z  INFO tailwindcss_oxide::scanner: Reading "C:\\Users\\Pezhman\\Desktop\\pharmacy\\src\\lib\\auth\\isolation.server.ts"
2026-09-24T09:34:01.264379Z  INFO tailwindcss_oxide::scanner: Reading "C:\\Users\\Pezhman\\Desktop\\pharmacy\\scripts\\migration-plan.test.mjs"
2026-09-24T09:34:01.264927Z  INFO tailwindcss_oxide::scanner: Reading "C:\\Users\\Pezhman\\Desktop\\pharmacy\\src\\lib\\auth\\middleware.ts"
2026-09-24T09:34:01.265970Z  INFO tailwindcss_oxide::scanner: Reading "C:\\Users\\Pezhman\\Desktop\\pharmacy\\src\\lib\\auth\\pglite-dialect.ts"
2026-09-24T09:34:01.267255Z  INFO tailwindcss_oxide::scanner: Reading "C:\\Users\\Pezhman\\Desktop\\pharmacy\\src\\lib\\auth\\popup.server.ts"
2026-09-24T09:34:01.267576Z  INFO tailwindcss_oxide::scanner: Reading "C:\\Users\\Pezhman\\Desktop\\pharmacy\\.grok\\references\\scaffold.md"
2026-09-24T09:34:01.268457Z  INFO tailwindcss_oxide::scanner: Reading "C:\\Users\\Pezhman\\Desktop\\pharmacy\\src\\lib\\auth\\preview.ts"
2026-09-24T09:34:01.269789Z  INFO tailwindcss_oxide::scanner: Reading "C:\\Users\\Pezhman\\Desktop\\pharmacy\\src\\lib\\auth\\provider.tsx"
2026-09-24T09:34:01.270439Z  INFO tailwindcss_oxide::scanner: Reading "C:\\Users\\Pezhman\\Desktop\\pharmacy\\netlify-error.txt"
2026-09-24T09:34:01.270629Z  INFO tailwindcss_oxide::scanner: Reading "C:\\Users\\Pezhman\\Desktop\\pharmacy\\netlify.toml"
2026-09-24T09:34:01.270779Z  INFO tailwindcss_oxide::scanner: Reading "C:\\Users\\Pezhman\\Desktop\\pharmacy\\package.json"
2026-09-24T09:34:01.271054Z  INFO tailwindcss_oxide::scanner: Reading "C:\\Users\\Pezhman\\Desktop\\pharmacy\\src\\lib\\auth\\providers.ts"
2026-09-24T09:34:01.272037Z  INFO tailwindcss_oxide::scanner: Reading "C:\\Users\\Pezhman\\Desktop\\pharmacy\\src\\lib\\auth\\server.ts"
2026-09-24T09:34:01.272314Z  INFO tailwindcss_oxide::scanner: Reading "C:\\Users\\Pezhman\\Desktop\\pharmacy\\src\\components\\pharmacy\\request-form.tsx"
2026-09-24T09:34:01.272493Z  INFO tailwindcss_oxide::scanner: Reading "C:\\Users\\Pezhman\\Desktop\\pharmacy\\build-error.txt"
2026-09-24T09:34:01.272713Z  INFO tailwindcss_oxide::scanner: Reading "C:\\Users\\Pezhman\\Desktop\\pharmacy\\.grok\\status"
2026-09-24T09:34:01.273078Z  INFO tailwindcss_oxide::scanner: Reading "C:\\Users\\Pezhman\\Desktop\\pharmacy\\src\\lib\\auth\\sign-in-gate.test.ts"
2026-09-24T09:34:01.274018Z  INFO tailwindcss_oxide::scanner: Reading "C:\\Users\\Pezhman\\Desktop\\pharmacy\\src\\lib\\auth\\sign-in-gate.ts"
2026-09-24T09:34:01.274307Z  INFO tailwindcss_oxide::scanner: Reading "C:\\Users\\Pezhman\\Desktop\\pharmacy\\public\\favicon.svg"
2026-09-24T09:34:01.274447Z  INFO tailwindcss_oxide::scanner: Reading "C:\\Users\\Pezhman\\Desktop\\pharmacy\\public\\sw.js"
2026-09-24T09:34:01.275042Z  INFO tailwindcss_oxide::scanner: Reading "C:\\Users\\Pezhman\\Desktop\\pharmacy\\src\\lib\\auth\\use-current-user.ts"
2026-09-24T09:34:01.276060Z  INFO tailwindcss_oxide::scanner: Reading "C:\\Users\\Pezhman\\Desktop\\pharmacy\\src\\lib\\auth\\verify.server.ts"
2026-09-24T09:34:01.277126Z  INFO tailwindcss_oxide::scanner: Reading "C:\\Users\\Pezhman\\Desktop\\pharmacy\\src\\lib\\db.ts"
2026-09-24T09:34:01.277341Z  INFO tailwindcss_oxide::scanner: Reading "C:\\Users\\Pezhman\\Desktop\\pharmacy\\.prettierrc"
2026-09-24T09:34:01.278222Z  INFO tailwindcss_oxide::scanner: Reading "C:\\Users\\Pezhman\\Desktop\\pharmacy\\src\\lib\\env.server.ts"
2026-09-24T09:34:01.278356Z  INFO tailwindcss_oxide::scanner: Reading "C:\\Users\\Pezhman\\Desktop\\pharmacy\\AGENTS.md"
2026-09-24T09:34:01.279282Z  INFO tailwindcss_oxide::scanner: Reading "C:\\Users\\Pezhman\\Desktop\\pharmacy\\src\\lib\\error-component.tsx"
2026-09-24T09:34:01.279496Z  INFO tailwindcss_oxide::scanner: Reading "C:\\Users\\Pezhman\\Desktop\\pharmacy\\eslint.config.mjs"
2026-09-24T09:34:01.280262Z  INFO tailwindcss_oxide::scanner: Reading "C:\\Users\\Pezhman\\Desktop\\pharmacy\\src\\lib\\multiplayer\\index.ts"
2026-09-24T09:34:01.280677Z  INFO tailwindcss_oxide::scanner: Reading "C:\\Users\\Pezhman\\Desktop\\pharmacy\\public\\__grok\\install\\assets\\homescreen\\glass-puzzle.svg"
2026-09-24T09:34:01.281187Z  INFO tailwindcss_oxide::scanner: Reading "C:\\Users\\Pezhman\\Desktop\\pharmacy\\src\\lib\\multiplayer\\p2p.ts"
2026-09-24T09:34:01.281643Z  INFO tailwindcss_oxide::scanner: Reading "C:\\Users\\Pezhman\\Desktop\\pharmacy\\migrations\\auth\\0001_auth.sql"
2026-09-24T09:34:01.282097Z  INFO tailwindcss_oxide::scanner: Reading "C:\\Users\\Pezhman\\Desktop\\pharmacy\\src\\lib\\og\\site.json"
2026-09-24T09:34:01.283150Z  INFO tailwindcss_oxide::scanner: Reading "C:\\Users\\Pezhman\\Desktop\\pharmacy\\src\\lib\\pharmacy\\catalog.ts"
2026-09-24T09:34:01.283623Z  INFO tailwindcss_oxide::scanner: Reading "C:\\Users\\Pezhman\\Desktop\\pharmacy\\public\\__grok\\install\\assets\\homescreen\\glass-share.svg"
2026-09-24T09:34:01.284149Z  INFO tailwindcss_oxide::scanner: Reading "C:\\Users\\Pezhman\\Desktop\\pharmacy\\netlify-debug.txt"
2026-09-24T09:34:01.284424Z  INFO tailwindcss_oxide::scanner: Reading "C:\\Users\\Pezhman\\Desktop\\pharmacy\\public\\__grok\\install\\assets\\homescreen\\logo-grok.svg"
2026-09-24T09:34:01.285249Z  INFO tailwindcss_oxide::scanner: Reading "C:\\Users\\Pezhman\\Desktop\\pharmacy\\src\\lib\\pharmacy\\photos.ts"
2026-09-24T09:34:01.285282Z  INFO tailwindcss_oxide::scanner: Reading "C:\\Users\\Pezhman\\Desktop\\pharmacy\\public\\__grok\\install\\assets\\homescreen\\plus.svg"
2026-09-24T09:34:01.285397Z  INFO tailwindcss_oxide::scanner: Reading "C:\\Users\\Pezhman\\Desktop\\pharmacy\\screenshots\\.gitkeep"
2026-09-24T09:34:01.286431Z  INFO tailwindcss_oxide::scanner: Reading "C:\\Users\\Pezhman\\Desktop\\pharmacy\\screenshots\\app-builder-built.json"
2026-09-24T09:34:01.286569Z  INFO tailwindcss_oxide::scanner: Reading "C:\\Users\\Pezhman\\Desktop\\pharmacy\\src\\routeTree.gen.ts"
2026-09-24T09:34:01.287227Z  INFO tailwindcss_oxide::scanner: Reading "C:\\Users\\Pezhman\\Desktop\\pharmacy\\src\\router.tsx"
2026-09-24T09:34:01.287556Z  INFO tailwindcss_oxide::scanner: Reading "C:\\Users\\Pezhman\\Desktop\\pharmacy\\screenshots\\app-builder-preview.json"
2026-09-24T09:34:01.288261Z  INFO tailwindcss_oxide::scanner: Reading "C:\\Users\\Pezhman\\Desktop\\pharmacy\\src\\lib\\pharmacy\\store.ts"
2026-09-24T09:34:01.288461Z  INFO tailwindcss_oxide::scanner: Reading "C:\\Users\\Pezhman\\Desktop\\pharmacy\\scripts\\app-env-plugin.mjs"
2026-09-24T09:34:01.288604Z  INFO tailwindcss_oxide::scanner: Reading "C:\\Users\\Pezhman\\Desktop\\pharmacy\\startup.sh"
2026-09-24T09:34:01.288819Z  INFO tailwindcss_oxide::scanner: Reading "C:\\Users\\Pezhman\\Desktop\\pharmacy\\src\\routes\\index.tsx"
2026-09-24T09:34:01.289483Z  INFO tailwindcss_oxide::scanner: Reading "C:\\Users\\Pezhman\\Desktop\\pharmacy\\scripts\\brand-check.mjs"
2026-09-24T09:34:01.290541Z  INFO tailwindcss_oxide::scanner: Reading "C:\\Users\\Pezhman\\Desktop\\pharmacy\\scripts\\brand-check.test.mjs"
2026-09-24T09:34:01.290707Z  INFO tailwindcss_oxide::scanner: Reading "C:\\Users\\Pezhman\\Desktop\\pharmacy\\vite.config.ts"
2026-09-24T09:34:01.291771Z  INFO tailwindcss_oxide::scanner: Reading "C:\\Users\\Pezhman\\Desktop\\pharmacy\\src\\lib\\pharmacy\\validate.ts"
2026-09-24T09:34:01.292890Z  INFO tailwindcss_oxide::scanner: Reading "C:\\Users\\Pezhman\\Desktop\\pharmacy\\src\\lib\\preview-embedder-origin.ts"
2026-09-24T09:34:01.295400Z  INFO tailwindcss_oxide::scanner: Reading "C:\\Users\\Pezhman\\Desktop\\pharmacy\\tsconfig.json"
2026-09-24T09:34:01.295807Z  INFO tailwindcss_oxide::scanner: Reading "C:\\Users\\Pezhman\\Desktop\\pharmacy\\src\\lib\\preview-host-bridge.ts"
2026-09-24T09:34:01.296030Z  INFO tailwindcss_oxide::scanner: Reading "C:\\Users\\Pezhman\\Desktop\\pharmacy\\src\\routes\\staff.tsx"
2026-09-24T09:34:01.296379Z  INFO tailwindcss_oxide::scanner: Reading "C:\\Users\\Pezhman\\Desktop\\pharmacy\\src\\lib\\pharmacy\\types.ts"
2026-09-24T09:34:01.296808Z  INFO tailwindcss_oxide::scanner: Reading "C:\\Users\\Pezhman\\Desktop\\pharmacy\\src\\lib\\utils.ts"
2026-09-24T09:34:01.296865Z  INFO tailwindcss_oxide::scanner: Reading "C:\\Users\\Pezhman\\Desktop\\pharmacy\\src\\routes\\__root.tsx"
2026-09-24T09:34:01.297202Z  INFO discover_sources: tailwindcss_oxide::scanner: exit
2026-09-24T09:34:01.297230Z  INFO extract_candidates: tailwindcss_oxide::scanner: enter
2026-09-24T09:34:01.297243Z  INFO extract_candidates:parse_all_blobs: tailwindcss_oxide::scanner: enter
2026-09-24T09:34:01.297260Z  INFO extract_candidates:parse_all_blobs:extract: tailwindcss_oxide::scanner: enter
2026-09-24T09:34:01.457896Z  INFO extract_candidates:parse_all_blobs:extract: tailwindcss_oxide::scanner: exit
2026-09-24T09:34:01.458703Z  INFO extract_candidates:parse_all_blobs: tailwindcss_oxide::scanner: exit
2026-09-24T09:34:01.458729Z  INFO extract_candidates:read_all_files: tailwindcss_oxide::scanner: enter
2026-09-24T09:34:01.458736Z  INFO extract_candidates:read_all_files: tailwindcss_oxide::scanner: Reading 2 file(s)
2026-09-24T09:34:01.459972Z  INFO tailwindcss_oxide::scanner: Reading "C:\\Users\\Pezhman\\Desktop\\pharmacy\\src\\styles.css"
2026-09-24T09:34:01.459973Z  INFO tailwindcss_oxide::scanner: Reading "C:\\Users\\Pezhman\\Desktop\\pharmacy\\public\\__grok\\install\\styles.css"
2026-09-24T09:34:01.460068Z  INFO extract_candidates:read_all_files: tailwindcss_oxide::scanner: exit
2026-09-24T09:34:01.460105Z  INFO extract_candidates:extract_css_variables: tailwindcss_oxide::scanner: enter
2026-09-24T09:34:01.460129Z  INFO extract_candidates:extract_css_variables:extract: tailwindcss_oxide::scanner: enter
2026-09-24T09:34:01.460273Z  INFO extract_candidates:extract_css_variables:extract: tailwindcss_oxide::scanner: exit
2026-09-24T09:34:01.460297Z  INFO extract_candidates:extract_css_variables: tailwindcss_oxide::scanner: exit
2026-09-24T09:34:01.462102Z  INFO extract_candidates: tailwindcss_oxide::scanner: exit
2026-09-24T09:34:01.466149Z  INFO get_files: tailwindcss_oxide::scanner: enter
2026-09-24T09:34:01.466186Z  INFO get_files:discover_sources: tailwindcss_oxide::scanner: enter
2026-09-24T09:34:01.466194Z  INFO get_files:discover_sources: tailwindcss_oxide::scanner: exit
2026-09-24T09:34:01.466342Z  INFO get_files: tailwindcss_oxide::scanner: exit
2026-09-24T09:34:01.466852Z  INFO get_globs: tailwindcss_oxide::scanner: enter
2026-09-24T09:34:01.466869Z  INFO get_globs:discover_sources: tailwindcss_oxide::scanner: enter
2026-09-24T09:34:01.466876Z  INFO get_globs:discover_sources: tailwindcss_oxide::scanner: exit
2026-09-24T09:34:01.483138Z  INFO get_globs: tailwindcss_oxide::scanner: exit
2026-09-24T09:34:03.452119Z  INFO tailwindcss_oxide::scanner: Provided sources:
2026-09-24T09:34:03.452142Z  INFO tailwindcss_oxide::scanner: Source: PublicSourceEntry { base: "C:/Users/Pezhman/Desktop/pharmacy", pattern: "**/*", negated: false }
2026-09-24T09:34:03.453607Z  INFO tailwindcss_oxide::scanner: Optimized sources:
2026-09-24T09:34:03.453634Z  INFO tailwindcss_oxide::scanner: Source: Auto { base: "C:\\Users\\Pezhman\\Desktop\\pharmacy" }
2026-09-24T09:34:03.454021Z  INFO discover_sources: tailwindcss_oxide::scanner: enter
2026-09-24T09:34:03.454048Z  INFO discover_sources:walk_synchronous: tailwindcss_oxide::scanner: enter
2026-09-24T09:34:03.476347Z  INFO discover_sources:walk_synchronous: tailwindcss_oxide::scanner: exit
2026-09-24T09:34:03.477954Z  INFO tailwindcss_oxide::scanner: Reading "C:\\Users\\Pezhman\\Desktop\\pharmacy\\src\\lib\\auth\\popup.server.ts"
2026-09-24T09:34:03.477954Z  INFO tailwindcss_oxide::scanner: Reading "C:\\Users\\Pezhman\\Desktop\\pharmacy\\.grok\\app-env.json"
2026-09-24T09:34:03.477954Z  INFO tailwindcss_oxide::scanner: Reading "C:\\Users\\Pezhman\\Desktop\\pharmacy\\scripts\\app-env-plugin.mjs"
2026-09-24T09:34:03.479108Z  INFO tailwindcss_oxide::scanner: Reading "C:\\Users\\Pezhman\\Desktop\\pharmacy\\scripts\\brand-check.mjs"
2026-09-24T09:34:03.479120Z  INFO tailwindcss_oxide::scanner: Reading "C:\\Users\\Pezhman\\Desktop\\pharmacy\\.grok\\references\\browser-qa.md"
2026-09-24T09:34:03.479381Z  INFO tailwindcss_oxide::scanner: Reading "C:\\Users\\Pezhman\\Desktop\\pharmacy\\src\\components\\pharmacy\\photo-picker.tsx"
2026-09-24T09:34:03.479598Z  INFO tailwindcss_oxide::scanner: Reading "C:\\Users\\Pezhman\\Desktop\\pharmacy\\src\\lib\\auth\\preview.ts"
2026-09-24T09:34:03.480201Z  INFO tailwindcss_oxide::scanner: Reading "C:\\Users\\Pezhman\\Desktop\\pharmacy\\scripts\\brand-check.test.mjs"
2026-09-24T09:34:03.480204Z  INFO tailwindcss_oxide::scanner: Reading "C:\\Users\\Pezhman\\Desktop\\pharmacy\\.grok\\references\\data-and-auth.md"
2026-09-24T09:34:03.481172Z  INFO tailwindcss_oxide::scanner: Reading "C:\\Users\\Pezhman\\Desktop\\pharmacy\\scripts\\browser-guard.mjs"
2026-09-24T09:34:03.481183Z  INFO tailwindcss_oxide::scanner: Reading "C:\\Users\\Pezhman\\Desktop\\pharmacy\\src\\components\\pharmacy\\request-form.tsx"
2026-09-24T09:34:03.481257Z  INFO tailwindcss_oxide::scanner: Reading "C:\\Users\\Pezhman\\Desktop\\pharmacy\\.grok\\references\\deploy-target.md"
2026-09-24T09:34:03.481770Z  INFO tailwindcss_oxide::scanner: Reading "C:\\Users\\Pezhman\\Desktop\\pharmacy\\src\\lib\\auth\\provider.tsx"
2026-09-24T09:34:03.482196Z  INFO tailwindcss_oxide::scanner: Reading "C:\\Users\\Pezhman\\Desktop\\pharmacy\\scripts\\browser-smoke-verdict.mjs"
2026-09-24T09:34:03.482220Z  INFO tailwindcss_oxide::scanner: Reading "C:\\Users\\Pezhman\\Desktop\\pharmacy\\.grok\\references\\generated-art.md"
2026-09-24T09:34:03.482956Z  INFO tailwindcss_oxide::scanner: Reading "C:\\Users\\Pezhman\\Desktop\\pharmacy\\src\\components\\pharmacy\\shell.tsx"
2026-09-24T09:34:03.483119Z  INFO tailwindcss_oxide::scanner: Reading "C:\\Users\\Pezhman\\Desktop\\pharmacy\\.grok\\references\\hibernate-revive.md"
2026-09-24T09:34:03.483165Z  INFO tailwindcss_oxide::scanner: Reading "C:\\Users\\Pezhman\\Desktop\\pharmacy\\scripts\\browser-smoke-verdict.test.mjs"
2026-09-24T09:34:03.483167Z  INFO tailwindcss_oxide::scanner: Reading "C:\\Users\\Pezhman\\Desktop\\pharmacy\\src\\lib\\auth\\providers.ts"
2026-09-24T09:34:03.484139Z  INFO tailwindcss_oxide::scanner: Reading "C:\\Users\\Pezhman\\Desktop\\pharmacy\\.grok\\references\\scaffold.md"
2026-09-24T09:34:03.484174Z  INFO tailwindcss_oxide::scanner: Reading "C:\\Users\\Pezhman\\Desktop\\pharmacy\\src\\lib\\auth\\server.ts"
2026-09-24T09:34:03.484174Z  INFO tailwindcss_oxide::scanner: Reading "C:\\Users\\Pezhman\\Desktop\\pharmacy\\scripts\\browser-smoke.mjs"
2026-09-24T09:34:03.485202Z  INFO tailwindcss_oxide::scanner: Reading "C:\\Users\\Pezhman\\Desktop\\pharmacy\\scripts\\check-auth-invariant.mjs"
2026-09-24T09:34:03.485202Z  INFO tailwindcss_oxide::scanner: Reading "C:\\Users\\Pezhman\\Desktop\\pharmacy\\.grok\\status"
2026-09-24T09:34:03.485692Z  INFO tailwindcss_oxide::scanner: Reading "C:\\Users\\Pezhman\\Desktop\\pharmacy\\src\\components\\pharmacy\\staff.tsx"
2026-09-24T09:34:03.485764Z  INFO tailwindcss_oxide::scanner: Reading "C:\\Users\\Pezhman\\Desktop\\pharmacy\\src\\lib\\auth\\sign-in-gate.test.ts"
2026-09-24T09:34:03.486179Z  INFO tailwindcss_oxide::scanner: Reading "C:\\Users\\Pezhman\\Desktop\\pharmacy\\.prettierrc"
2026-09-24T09:34:03.486179Z  INFO tailwindcss_oxide::scanner: Reading "C:\\Users\\Pezhman\\Desktop\\pharmacy\\scripts\\check-auth-invariant.test.mjs"
2026-09-24T09:34:03.486648Z  INFO tailwindcss_oxide::scanner: Reading "C:\\Users\\Pezhman\\Desktop\\pharmacy\\src\\lib\\auth\\sign-in-gate.ts"
2026-09-24T09:34:03.487132Z  INFO tailwindcss_oxide::scanner: Reading "C:\\Users\\Pezhman\\Desktop\\pharmacy\\AGENTS.md"
2026-09-24T09:34:03.487132Z  INFO tailwindcss_oxide::scanner: Reading "C:\\Users\\Pezhman\\Desktop\\pharmacy\\scripts\\grok-pwa-plugin.mjs"
2026-09-24T09:34:03.487341Z  INFO tailwindcss_oxide::scanner: Reading "C:\\Users\\Pezhman\\Desktop\\pharmacy\\build-error.txt"
2026-09-24T09:34:03.487521Z  INFO tailwindcss_oxide::scanner: Reading "C:\\Users\\Pezhman\\Desktop\\pharmacy\\src\\lib\\auth\\use-current-user.ts"
2026-09-24T09:34:03.487652Z  INFO tailwindcss_oxide::scanner: Reading "C:\\Users\\Pezhman\\Desktop\\pharmacy\\dist\\assets\\index-QBFBENaV.js"
2026-09-24T09:34:03.487795Z  INFO tailwindcss_oxide::scanner: Reading "C:\\Users\\Pezhman\\Desktop\\pharmacy\\dist\\assets\\routes-xxmv-fyE.js"
2026-09-24T09:34:03.487956Z  INFO tailwindcss_oxide::scanner: Reading "C:\\Users\\Pezhman\\Desktop\\pharmacy\\dist\\assets\\shell-DVVin3Ky.js"
2026-09-24T09:34:03.488086Z  INFO tailwindcss_oxide::scanner: Reading "C:\\Users\\Pezhman\\Desktop\\pharmacy\\scripts\\grok-pwa-plugin.test.mjs"
2026-09-24T09:34:03.488096Z  INFO tailwindcss_oxide::scanner: Reading "C:\\Users\\Pezhman\\Desktop\\pharmacy\\dist\\assets\\staff-C89FFJSA.js"
2026-09-24T09:34:03.488415Z  INFO tailwindcss_oxide::scanner: Reading "C:\\Users\\Pezhman\\Desktop\\pharmacy\\src\\lib\\auth\\verify.server.ts"
2026-09-24T09:34:03.488642Z  INFO tailwindcss_oxide::scanner: Reading "C:\\Users\\Pezhman\\Desktop\\pharmacy\\src\\components\\pharmacy\\tracking.tsx"
2026-09-24T09:34:03.489052Z  INFO tailwindcss_oxide::scanner: Reading "C:\\Users\\Pezhman\\Desktop\\pharmacy\\eslint.config.mjs"
2026-09-24T09:34:03.489239Z  INFO tailwindcss_oxide::scanner: Reading "C:\\Users\\Pezhman\\Desktop\\pharmacy\\src\\lib\\db.ts"
2026-09-24T09:34:03.489915Z  INFO tailwindcss_oxide::scanner: Reading "C:\\Users\\Pezhman\\Desktop\\pharmacy\\migrations\\auth\\0001_auth.sql"
2026-09-24T09:34:03.490043Z  INFO tailwindcss_oxide::scanner: Reading "C:\\Users\\Pezhman\\Desktop\\pharmacy\\src\\lib\\env.server.ts"
2026-09-24T09:34:03.490029Z  INFO tailwindcss_oxide::scanner: Reading "C:\\Users\\Pezhman\\Desktop\\pharmacy\\scripts\\grok-pwa-shared.d.mts"
2026-09-24T09:34:03.490326Z  INFO tailwindcss_oxide::scanner: Reading "C:\\Users\\Pezhman\\Desktop\\pharmacy\\src\\components\\preview-host-bridge.tsx"
2026-09-24T09:34:03.490956Z  INFO tailwindcss_oxide::scanner: Reading "C:\\Users\\Pezhman\\Desktop\\pharmacy\\src\\lib\\error-component.tsx"
2026-09-24T09:34:03.491809Z  INFO tailwindcss_oxide::scanner: Reading "C:\\Users\\Pezhman\\Desktop\\pharmacy\\src\\lib\\multiplayer\\index.ts"
2026-09-24T09:34:03.492092Z  INFO tailwindcss_oxide::scanner: Reading "C:\\Users\\Pezhman\\Desktop\\pharmacy\\scripts\\grok-pwa-shared.mjs"
2026-09-24T09:34:03.492753Z  INFO tailwindcss_oxide::scanner: Reading "C:\\Users\\Pezhman\\Desktop\\pharmacy\\src\\lib\\multiplayer\\p2p.ts"
2026-09-24T09:34:03.493144Z  INFO tailwindcss_oxide::scanner: Reading "C:\\Users\\Pezhman\\Desktop\\pharmacy\\scripts\\install-page.html"
2026-09-24T09:34:03.493485Z  INFO tailwindcss_oxide::scanner: Reading "C:\\Users\\Pezhman\\Desktop\\pharmacy\\src\\components\\ui\\button.tsx"
2026-09-24T09:34:03.493851Z  INFO tailwindcss_oxide::scanner: Reading "C:\\Users\\Pezhman\\Desktop\\pharmacy\\src\\lib\\og\\site.json"
2026-09-24T09:34:03.495013Z  INFO tailwindcss_oxide::scanner: Reading "C:\\Users\\Pezhman\\Desktop\\pharmacy\\src\\lib\\pharmacy\\catalog.ts"
2026-09-24T09:34:03.495336Z  INFO tailwindcss_oxide::scanner: Reading "C:\\Users\\Pezhman\\Desktop\\pharmacy\\netlify-debug.txt"
2026-09-24T09:34:03.495406Z  INFO tailwindcss_oxide::scanner: Reading "C:\\Users\\Pezhman\\Desktop\\pharmacy\\scripts\\migrate.mjs"
2026-09-24T09:34:03.496075Z  INFO tailwindcss_oxide::scanner: Reading "C:\\Users\\Pezhman\\Desktop\\pharmacy\\src\\lib\\pharmacy\\photos.ts"
2026-09-24T09:34:03.496673Z  INFO tailwindcss_oxide::scanner: Reading "C:\\Users\\Pezhman\\Desktop\\pharmacy\\scripts\\migration-plan.mjs"
2026-09-24T09:34:03.496957Z  INFO tailwindcss_oxide::scanner: Reading "C:\\Users\\Pezhman\\Desktop\\pharmacy\\src\\lib\\pharmacy\\store.ts"
2026-09-24T09:34:03.497209Z  INFO tailwindcss_oxide::scanner: Reading "C:\\Users\\Pezhman\\Desktop\\pharmacy\\src\\components\\ui\\card.tsx"
2026-09-24T09:34:03.497854Z  INFO tailwindcss_oxide::scanner: Reading "C:\\Users\\Pezhman\\Desktop\\pharmacy\\src\\lib\\pharmacy\\types.ts"
2026-09-24T09:34:03.498870Z  INFO tailwindcss_oxide::scanner: Reading "C:\\Users\\Pezhman\\Desktop\\pharmacy\\src\\lib\\pharmacy\\validate.ts"
2026-09-24T09:34:03.498934Z  INFO tailwindcss_oxide::scanner: Reading "C:\\Users\\Pezhman\\Desktop\\pharmacy\\src\\components\\ui\\input.tsx"
2026-09-24T09:34:03.499067Z  INFO tailwindcss_oxide::scanner: Reading "C:\\Users\\Pezhman\\Desktop\\pharmacy\\scripts\\migration-plan.test.mjs"
2026-09-24T09:34:03.500402Z  INFO tailwindcss_oxide::scanner: Reading "C:\\Users\\Pezhman\\Desktop\\pharmacy\\scripts\\preview-thumbnail.mjs"
2026-09-24T09:34:03.500403Z  INFO tailwindcss_oxide::scanner: Reading "C:\\Users\\Pezhman\\Desktop\\pharmacy\\src\\lib\\preview-embedder-origin.ts"
2026-09-24T09:34:03.500505Z  INFO tailwindcss_oxide::scanner: Reading "C:\\Users\\Pezhman\\Desktop\\pharmacy\\src\\lib\\app-data\\app-data.test.ts"
2026-09-24T09:34:03.501004Z  INFO tailwindcss_oxide::scanner: Reading "C:\\Users\\Pezhman\\Desktop\\pharmacy\\netlify-error.txt"
2026-09-24T09:34:03.501181Z  INFO tailwindcss_oxide::scanner: Reading "C:\\Users\\Pezhman\\Desktop\\pharmacy\\netlify.toml"
2026-09-24T09:34:03.501336Z  INFO tailwindcss_oxide::scanner: Reading "C:\\Users\\Pezhman\\Desktop\\pharmacy\\package.json"
2026-09-24T09:34:03.501710Z  INFO tailwindcss_oxide::scanner: Reading "C:\\Users\\Pezhman\\Desktop\\pharmacy\\scripts\\preview.mjs"
2026-09-24T09:34:03.501719Z  INFO tailwindcss_oxide::scanner: Reading "C:\\Users\\Pezhman\\Desktop\\pharmacy\\src\\lib\\preview-host-bridge.ts"
2026-09-24T09:34:03.501812Z  INFO tailwindcss_oxide::scanner: Reading "C:\\Users\\Pezhman\\Desktop\\pharmacy\\src\\lib\\app-data\\client.server.ts"
2026-09-24T09:34:03.502265Z  INFO tailwindcss_oxide::scanner: Reading "C:\\Users\\Pezhman\\Desktop\\pharmacy\\public\\favicon.svg"
2026-09-24T09:34:03.502440Z  INFO tailwindcss_oxide::scanner: Reading "C:\\Users\\Pezhman\\Desktop\\pharmacy\\public\\sw.js"
2026-09-24T09:34:03.502658Z  INFO tailwindcss_oxide::scanner: Reading "C:\\Users\\Pezhman\\Desktop\\pharmacy\\src\\lib\\utils.ts"
2026-09-24T09:34:03.502799Z  INFO tailwindcss_oxide::scanner: Reading "C:\\Users\\Pezhman\\Desktop\\pharmacy\\scripts\\preview.test.mjs"
2026-09-24T09:34:03.503114Z  INFO tailwindcss_oxide::scanner: Reading "C:\\Users\\Pezhman\\Desktop\\pharmacy\\src\\lib\\app-data\\errors.ts"
2026-09-24T09:34:03.503375Z  INFO tailwindcss_oxide::scanner: Reading "C:\\Users\\Pezhman\\Desktop\\pharmacy\\public\\__grok\\install\\assets\\homescreen\\glass-puzzle.svg"
2026-09-24T09:34:03.503489Z  INFO tailwindcss_oxide::scanner: Reading "C:\\Users\\Pezhman\\Desktop\\pharmacy\\src\\router.tsx"
2026-09-24T09:34:03.503890Z  INFO tailwindcss_oxide::scanner: Reading "C:\\Users\\Pezhman\\Desktop\\pharmacy\\scripts\\sign-out-plan.mjs"
2026-09-24T09:34:03.504150Z  INFO tailwindcss_oxide::scanner: Reading "C:\\Users\\Pezhman\\Desktop\\pharmacy\\src\\lib\\app-data\\index.ts"
2026-09-24T09:34:03.504211Z  INFO tailwindcss_oxide::scanner: Reading "C:\\Users\\Pezhman\\Desktop\\pharmacy\\public\\__grok\\install\\assets\\homescreen\\glass-share.svg"
2026-09-24T09:34:03.504354Z  INFO tailwindcss_oxide::scanner: Reading "C:\\Users\\Pezhman\\Desktop\\pharmacy\\src\\routes\\index.tsx"
2026-09-24T09:34:03.505145Z  INFO tailwindcss_oxide::scanner: Reading "C:\\Users\\Pezhman\\Desktop\\pharmacy\\public\\__grok\\install\\assets\\homescreen\\logo-grok.svg"
2026-09-24T09:34:03.505165Z  INFO tailwindcss_oxide::scanner: Reading "C:\\Users\\Pezhman\\Desktop\\pharmacy\\scripts\\sign-out-plan.test.mjs"
2026-09-24T09:34:03.505153Z  INFO tailwindcss_oxide::scanner: Reading "C:\\Users\\Pezhman\\Desktop\\pharmacy\\src\\routes\\staff.tsx"
2026-09-24T09:34:03.505310Z  INFO tailwindcss_oxide::scanner: Reading "C:\\Users\\Pezhman\\Desktop\\pharmacy\\src\\lib\\app-data\\login.ts"
2026-09-24T09:34:03.506163Z  INFO tailwindcss_oxide::scanner: Reading "C:\\Users\\Pezhman\\Desktop\\pharmacy\\src\\routes\\__root.tsx"
2026-09-24T09:34:03.506162Z  INFO tailwindcss_oxide::scanner: Reading "C:\\Users\\Pezhman\\Desktop\\pharmacy\\public\\__grok\\install\\assets\\homescreen\\plus.svg"
2026-09-24T09:34:03.506272Z  INFO tailwindcss_oxide::scanner: Reading "C:\\Users\\Pezhman\\Desktop\\pharmacy\\scripts\\with-app-env.mjs"
2026-09-24T09:34:03.506290Z  INFO tailwindcss_oxide::scanner: Reading "C:\\Users\\Pezhman\\Desktop\\pharmacy\\screenshots\\.gitkeep"
2026-09-24T09:34:03.506542Z  INFO tailwindcss_oxide::scanner: Reading "C:\\Users\\Pezhman\\Desktop\\pharmacy\\src\\lib\\app-data\\readiness-schedule.test.ts"
2026-09-24T09:34:03.507088Z  INFO tailwindcss_oxide::scanner: Reading "C:\\Users\\Pezhman\\Desktop\\pharmacy\\src\\routeTree.gen.ts"
2026-09-24T09:34:03.507160Z  INFO tailwindcss_oxide::scanner: Reading "C:\\Users\\Pezhman\\Desktop\\pharmacy\\scripts\\with-app-env.test.mjs"
2026-09-24T09:34:03.507190Z  INFO tailwindcss_oxide::scanner: Reading "C:\\Users\\Pezhman\\Desktop\\pharmacy\\screenshots\\app-builder-built.json"
2026-09-24T09:34:03.507743Z  INFO tailwindcss_oxide::scanner: Reading "C:\\Users\\Pezhman\\Desktop\\pharmacy\\src\\lib\\app-data\\readiness-schedule.ts"
2026-09-24T09:34:03.507932Z  INFO tailwindcss_oxide::scanner: Reading "C:\\Users\\Pezhman\\Desktop\\pharmacy\\startup.sh"
2026-09-24T09:34:03.508116Z  INFO tailwindcss_oxide::scanner: Reading "C:\\Users\\Pezhman\\Desktop\\pharmacy\\screenshots\\app-builder-preview.json"
2026-09-24T09:34:03.508257Z  INFO tailwindcss_oxide::scanner: Reading "C:\\Users\\Pezhman\\Desktop\\pharmacy\\scripts\\write-atomic.mjs"
2026-09-24T09:34:03.508802Z  INFO tailwindcss_oxide::scanner: Reading "C:\\Users\\Pezhman\\Desktop\\pharmacy\\tsconfig.json"
2026-09-24T09:34:03.508809Z  INFO tailwindcss_oxide::scanner: Reading "C:\\Users\\Pezhman\\Desktop\\pharmacy\\src\\lib\\app-data\\readiness.ts"
2026-09-24T09:34:03.508965Z  INFO tailwindcss_oxide::scanner: Reading "C:\\Users\\Pezhman\\Desktop\\pharmacy\\server\\middleware\\grok-pwa.ts"
2026-09-24T09:34:03.508978Z  INFO tailwindcss_oxide::scanner: Reading "C:\\Users\\Pezhman\\Desktop\\pharmacy\\vite.config.ts"
2026-09-24T09:34:03.509618Z  INFO tailwindcss_oxide::scanner: Reading "C:\\Users\\Pezhman\\Desktop\\pharmacy\\scripts\\write-atomic.test.mjs"
2026-09-24T09:34:03.509690Z  INFO tailwindcss_oxide::scanner: Reading "C:\\Users\\Pezhman\\Desktop\\pharmacy\\src\\lib\\app-data\\server-only.ts"
2026-09-24T09:34:03.509882Z  INFO tailwindcss_oxide::scanner: Reading "C:\\Users\\Pezhman\\Desktop\\pharmacy\\src\\lib\\auth\\gate-identity.server.ts"
2026-09-24T09:34:03.509896Z  INFO tailwindcss_oxide::scanner: Reading "C:\\Users\\Pezhman\\Desktop\\pharmacy\\server\\virtual-grok-og-identity.d.ts"
2026-09-24T09:34:03.510615Z  INFO tailwindcss_oxide::scanner: Reading "C:\\Users\\Pezhman\\Desktop\\pharmacy\\src\\lib\\app-data\\types.ts"
2026-09-24T09:34:03.510830Z  INFO tailwindcss_oxide::scanner: Reading "C:\\Users\\Pezhman\\Desktop\\pharmacy\\src\\lib\\auth\\gate-identity.test.ts"
2026-09-24T09:34:03.510832Z  INFO tailwindcss_oxide::scanner: Reading "C:\\Users\\Pezhman\\Desktop\\pharmacy\\src\\components\\pharmacy\\background-layer.tsx"
2026-09-24T09:34:03.511111Z  INFO tailwindcss_oxide::scanner: Reading "C:\\Users\\Pezhman\\Desktop\\pharmacy\\src\\lib\\auth\\gates.tsx"
2026-09-24T09:34:03.511543Z  INFO tailwindcss_oxide::scanner: Reading "C:\\Users\\Pezhman\\Desktop\\pharmacy\\src\\lib\\app-data\\use-connector-readiness.ts"
2026-09-24T09:34:03.511807Z  INFO tailwindcss_oxide::scanner: Reading "C:\\Users\\Pezhman\\Desktop\\pharmacy\\src\\lib\\auth\\gate-session-marker.ts"
2026-09-24T09:34:03.511845Z  INFO tailwindcss_oxide::scanner: Reading "C:\\Users\\Pezhman\\Desktop\\pharmacy\\src\\components\\pharmacy\\home.tsx"
2026-09-24T09:34:03.512189Z  INFO tailwindcss_oxide::scanner: Reading "C:\\Users\\Pezhman\\Desktop\\pharmacy\\src\\lib\\auth\\isolation.server.ts"
2026-09-24T09:34:03.512365Z  INFO tailwindcss_oxide::scanner: Reading "C:\\Users\\Pezhman\\Desktop\\pharmacy\\src\\lib\\auth\\client.ts"
2026-09-24T09:34:03.512663Z  INFO tailwindcss_oxide::scanner: Reading "C:\\Users\\Pezhman\\Desktop\\pharmacy\\src\\lib\\auth\\gate-session.server.ts"
2026-09-24T09:34:03.512803Z  INFO tailwindcss_oxide::scanner: Reading "C:\\Users\\Pezhman\\Desktop\\pharmacy\\src\\lib\\auth\\middleware.ts"
2026-09-24T09:34:03.513243Z  INFO tailwindcss_oxide::scanner: Reading "C:\\Users\\Pezhman\\Desktop\\pharmacy\\src\\lib\\auth\\email-password.ts"
2026-09-24T09:34:03.513306Z  INFO tailwindcss_oxide::scanner: Reading "C:\\Users\\Pezhman\\Desktop\\pharmacy\\src\\lib\\auth\\pglite-dialect.ts"
2026-09-24T09:34:03.513440Z  INFO discover_sources: tailwindcss_oxide::scanner: exit
2026-09-24T09:34:03.513468Z  INFO extract_candidates: tailwindcss_oxide::scanner: enter
2026-09-24T09:34:03.513482Z  INFO extract_candidates:parse_all_blobs: tailwindcss_oxide::scanner: enter
2026-09-24T09:34:03.513493Z  INFO extract_candidates:parse_all_blobs:extract: tailwindcss_oxide::scanner: enter
2026-09-24T09:34:03.719985Z  INFO extract_candidates:parse_all_blobs:extract: tailwindcss_oxide::scanner: exit
2026-09-24T09:34:03.721190Z  INFO extract_candidates:parse_all_blobs: tailwindcss_oxide::scanner: exit
2026-09-24T09:34:03.721216Z  INFO extract_candidates:read_all_files: tailwindcss_oxide::scanner: enter
2026-09-24T09:34:03.721224Z  INFO extract_candidates:read_all_files: tailwindcss_oxide::scanner: Reading 3 file(s)
2026-09-24T09:34:03.722540Z  INFO tailwindcss_oxide::scanner: Reading "C:\\Users\\Pezhman\\Desktop\\pharmacy\\src\\styles.css"
2026-09-24T09:34:03.722540Z  INFO tailwindcss_oxide::scanner: Reading "C:\\Users\\Pezhman\\Desktop\\pharmacy\\dist\\assets\\styles-Dx0h8_kk.css"
2026-09-24T09:34:03.723050Z  INFO tailwindcss_oxide::scanner: Reading "C:\\Users\\Pezhman\\Desktop\\pharmacy\\public\\__grok\\install\\styles.css"
2026-09-24T09:34:03.723121Z  INFO extract_candidates:read_all_files: tailwindcss_oxide::scanner: exit
2026-09-24T09:34:03.723147Z  INFO extract_candidates:extract_css_variables: tailwindcss_oxide::scanner: enter
2026-09-24T09:34:03.723167Z  INFO extract_candidates:extract_css_variables:extract: tailwindcss_oxide::scanner: enter
2026-09-24T09:34:03.723446Z  INFO extract_candidates:extract_css_variables:extract: tailwindcss_oxide::scanner: exit
2026-09-24T09:34:03.723475Z  INFO extract_candidates:extract_css_variables: tailwindcss_oxide::scanner: exit
2026-09-24T09:34:03.726105Z  INFO extract_candidates: tailwindcss_oxide::scanner: exit
2026-09-24T09:34:03.733801Z  INFO get_files: tailwindcss_oxide::scanner: enter
2026-09-24T09:34:03.733837Z  INFO get_files:discover_sources: tailwindcss_oxide::scanner: enter
2026-09-24T09:34:03.733845Z  INFO get_files:discover_sources: tailwindcss_oxide::scanner: exit
2026-09-24T09:34:03.733965Z  INFO get_files: tailwindcss_oxide::scanner: exit
2026-09-24T09:34:03.734561Z  INFO get_globs: tailwindcss_oxide::scanner: enter
2026-09-24T09:34:03.734579Z  INFO get_globs:discover_sources: tailwindcss_oxide::scanner: enter
2026-09-24T09:34:03.734590Z  INFO get_globs:discover_sources: tailwindcss_oxide::scanner: exit
2026-09-24T09:34:03.751240Z  INFO get_globs: tailwindcss_oxide::scanner: exit
